#"Step" "Potential Energy (kJ/mole)" "Temperature (K)"
500 22328.389822829344 202.9605253448418
1000 22493.892607558348 251.64896957413524
1500 22544.41871928034 279.0632406981855
2000 22637.439174044706 297.7336866179727
2500 22545.84203087149 305.81154162580003
3000 22595.79972492514 286.90298457578814
3500 22539.4090160018 296.1361992455572
4000 22516.892433512785 287.8927028007348
4500 22491.12995563803 308.23956422514925
5000 22579.823166239836 301.80570736349244
5500 22466.93869339285 281.98861316457675
6000 22387.78642021475 276.6634549948511
6500 22187.193048108198 303.22095661269145
7000 22336.88161979971 268.38065719653287
7500 22261.636536944487 308.4108380217217
8000 22282.54573952017 282.6914064762943
8500 22410.984772074797 294.74610786913735
9000 22395.446440089323 291.4569851048808
9500 22297.77903209982 317.476834193814
10000 22437.447547305204 302.7762755658758
10500 22372.43302856741 317.16052087994535
11000 22322.052551615812 334.6990878190515
11500 22436.187615740873 310.8348553875936
12000 22342.85480152426 306.5453504642573
12500 22282.594734538176 300.0289357275499
13000 22256.49585281668 287.35277229528737
13500 22234.211111415007 279.8483665905705
14000 22280.76952492056 276.92800066602587
14500 22359.23228298483 290.1922575363001
15000 22335.151819575407 280.90725019112796
15500 22322.0399755126 290.66695280148616
16000 22282.9960135108 295.0881047426791
16500 22228.156464923002 296.55780013445997
17000 22309.206809390165 303.22476158449484
17500 22302.512555468657 303.88514948677164
18000 22383.95963274298 297.50809184236454
18500 22374.67348133383 300.22288915868745
19000 22322.29104470072 295.07366086945166
19500 22239.19987045584 306.4573855240124
20000 22227.5901330596 301.71333666642255
20500 22287.087142336943 293.8775229241694
21000 22325.79676305113 294.27218861793745
21500 22350.863319385626 292.28056123864775
22000 22244.66851650534 304.5103914652852
22500 22271.227491725065 289.45181502989607
23000 22257.24871193228 289.34011908129827
23500 22277.015886653044 284.347245093932
24000 22245.5879682189 307.6786312766553
24500 22156.517725337126 296.959124528884
25000 22224.168018687345 284.2375517620728
25500 22181.702871668913 301.8914193599063
26000 22233.701166499235 283.08677308592087
26500 22190.15080581961 291.97143231232894
27000 22230.81477772055 286.03592662608344
27500 22166.726724970915 289.2828943079915
28000 22275.633612025358 294.0329510157973
28500 22259.47299228964 280.2547475922596
29000 22309.272724497892 300.1607579743711
29500 22189.995144236662 282.2444224202291
30000 22245.91200100241 309.4391316515964
30500 22277.641403544523 306.57849377128184
31000 22283.893986094572 313.5685523993875
31500 22217.833090174772 308.60699433127184
32000 22276.43725239096 299.05388667021384
32500 22248.574203837492 304.5754765092911
33000 22310.865145075895 308.1913261944572
33500 22328.90323673544 296.6405082057659
34000 22319.55499492941 302.9721815483335
34500 22311.625830042936 294.5146554395687
35000 22126.363786089994 324.4414345566297
35500 22093.69114338217 310.409825017526
36000 22203.439304698088 295.770095873024
36500 22274.81944214163 309.38503596694386
37000 22214.310238230802 317.6327379069174
37500 22287.58309398947 292.0377439590873
38000 22257.199629176237 294.2850804631925
38500 22296.03002201376 295.5492823448794
39000 22178.570085871794 294.71969836089653
39500 22223.953537333586 296.5118400803081
40000 22110.776361811735 307.60899027956907
40500 22094.774175990202 278.2332812235641
41000 22177.057143557646 281.08786118824435
41500 22241.79108177481 292.82875253814206
42000 22207.561838496305 304.28785068020346
42500 22381.543564189054 286.0799341289151
43000 22324.52655063925 297.41359336500983
43500 22277.46899067221 322.95038626387304
44000 22290.338093150236 325.381713180841
44500 22284.9819797164 322.68934517199096
45000 22205.843837130644 308.80159861284943
45500 22224.52906071005 299.2935748611202
46000 22266.04839931784 288.2411080478402
46500 22241.81866680441 311.63024469076424
47000 22260.08056865988 286.0520727235388
47500 22171.918482173063 306.08950482912365
48000 22212.781719554045 295.2996561684075
48500 22227.11530338583 274.59307471231426
49000 22156.73677479086 326.63399949293296
49500 22323.023252833464 305.5367325438397
50000 22397.893642771818 282.68026692068554
50500 22345.67128311453 298.73694753861434
51000 22246.362259257414 296.9933442424056
51500 22186.535077441313 313.55636146999103
52000 22254.46875416098 317.3999337110501
52500 22392.640047419645 285.07835039979204
53000 22368.012508738615 292.4224216018714
53500 22343.578707087614 299.11268850420225
54000 22263.06929479895 323.4752220456529
54500 22283.966163981535 304.0025278603654
55000 22153.481928217985 297.24489793748836
55500 22267.53169857321 307.46365036976204
56000 22231.00756489096 303.85473474505346
56500 22148.133837092497 296.31813697626285
57000 22114.138126719572 288.04375016824696
57500 22234.407576430418 290.50273822891745
58000 22199.463682520964 289.8466309199195
58500 22187.169785845854 289.6799130764275
59000 22198.94529949484 286.47382380869703
59500 22237.84262119589 290.92396362718176
60000 22331.852355349638 299.7901487141759
60500 22284.75341831503 302.81179698027745
61000 22249.19839512167 307.8236207285331
61500 22222.319052565672 286.47863008886975
62000 22241.697912562468 290.7012476131354
62500 22346.475500453093 287.37379977104314
63000 22246.124534953215 302.4814903819475
63500 22314.086717951872 293.30509996213755
64000 22261.16843067465 300.9386744464969
64500 22240.269487727262 294.47615513276827
65000 22281.531217921354 307.423472871443
65500 22307.790078509428 284.2283897904935
66000 22234.94954334555 275.2567168667913
66500 22224.336668360807 278.30890503815715
67000 22266.233969081022 292.3704787302128
67500 22256.479736912825 293.9794561161663
68000 22198.034853804686 293.98731638686553
68500 22296.495224345304 291.4729309406623
69000 22218.543758738615 285.93061401834007
69500 22169.404972422697 295.7701709711517
70000 22323.126476634123 282.303274319636
70500 22358.1807416564 307.6706959078285
71000 22283.238844264128 289.62476601798716
71500 22305.69189869223 293.0457610944833
72000 22347.767350066282 277.7877740973438
72500 22252.172435153105 306.79717951914165
73000 22326.97389684973 294.1260726941443
73500 22293.189335215666 306.3838394242857
74000 22281.046807635405 293.66787398434275
74500 22360.957200873472 297.2196649665815
75000 22240.725563395597 308.09998183846585
75500 22175.144536364653 326.80930355569194
76000 22221.542276728727 323.3665800875815
76500 22146.689986575224 292.8833238442701
77000 22274.369543421843 288.3581359635047
77500 22170.31438289938 296.333832484952
78000 22256.810265887358 274.84445317843245
78500 22173.807779658415 303.1626804655969
79000 22198.87262092886 294.9791874248062
79500 22178.70976673422 299.68959232118686
80000 22158.860473979094 308.01101558985164
80500 22351.75383793173 302.69657141967775
81000 22383.949299204924 287.99661357676115
81500 22259.203854907133 308.85444266204036
82000 22279.96993194876 306.96802775965716
82500 22355.527320254423 323.1958570106122
83000 22346.77149807272 307.94507943373185
83500 22382.40111290274 301.42458436541943
84000 22257.675201762297 293.6179337294228
84500 22161.592893946745 295.88622261115603
85000 22246.21395860968 312.6804169085086
85500 22288.438570368864 295.7886951759841
86000 22204.345754969694 286.1629676254411
86500 22180.23581014929 305.930772419877
87000 22109.02330051718 282.29716633858317
87500 22153.814103174784 287.2380223561631
88000 22172.715731013395 290.44744097422165
88500 22363.7401708251 278.2636458998638
89000 22346.06445537863 311.8815730914639
89500 22335.963242877104 310.36681882306357
90000 22363.246392000296 306.5435481091925
90500 22318.095291483976 313.40764214443755
91000 22412.963692057707 305.33757230918167
91500 22321.32755492983 286.7973966082432
92000 22236.09140621481 285.4746181869511
92500 22248.02134739218 280.46687477030036
93000 22197.672888148405 282.7047989757339
93500 22169.14578830061 266.05506844336526
94000 22158.14027153311 287.94191710708697
94500 22089.616267550566 289.50348254175304
95000 22095.80245291052 302.06897636649626
95500 22201.113471854307 289.8652552555889
96000 22254.22234951315 283.38433690057394
96500 22142.31265472231 295.58452839947944
97000 22193.210401881315 308.07980547482407
97500 22196.265350926496 310.4947609999536
98000 22238.538409579374 295.35582956792643
98500 22289.547852862455 279.4610354806077
99000 22166.416832316496 287.6816770619003
99500 22260.022539485075 270.8687582980414
100000 22281.261324513533 287.8393831300684
100500 22261.460203517057 311.161982831851
101000 22352.654448222198 286.57623262216936
101500 22199.908491480925 291.0060959461754
102000 22184.46459089575 279.9902519865033
102500 22156.75725899992 278.5279412439462
103000 22234.000684607603 292.957220401926
103500 22243.02428900061 289.42187590965335
104000 22251.02916466055 287.6030993876178
104500 22131.543070424177 298.43059724302043
105000 22177.925724375822 289.2687758599841
105500 22186.731156695463 286.91152072963666
106000 22156.479044187643 308.9322693550459
106500 22309.758936751463 311.35901528622423
107000 22294.311513054945 321.9822712669946
107500 22275.818063724615 336.7242840614227
108000 22269.28858982382 308.0227058650635
108500 22191.9001191741 296.4801486704191
109000 22224.977258313276 280.38411663357596
109500 22160.843852389433 313.06847396703915
110000 22158.156636107542 280.5724126724268
110500 22218.742137301542 284.02645092511057
111000 22120.274415362455 303.2003046275742
111500 22175.959450114347 283.5934601535068
112000 22060.451635707 291.2343441889622
112500 22117.46562134085 281.90052306078564
113000 22054.912207949736 318.31648132690856
113500 22129.22007118521 300.9048552563231
114000 22073.640347827055 312.30425038686377
114500 22075.05618988333 307.7340036294788
115000 22154.841793168165 291.84083666826024
115500 22186.403712618925 294.9161550629574
116000 22086.09176384268 295.17168895880826
116500 22125.58785282431 298.49638320288483
117000 22040.404415834524 293.2407909321179
117500 22055.335527766325 273.8659496072222
118000 22108.048121798613 271.540936606367
118500 22048.509367335417 293.46781257215224
119000 22077.112267840483 302.1760913293044
119500 22128.01489590464 311.55171708190016
120000 22194.799450743772 296.84512557103676
120500 22157.01621924696 296.6153253002775
121000 22106.792022097685 282.8075832798448
121500 22171.360609877684 280.3771325076999
122000 22077.56806598959 299.54455280389067
122500 22132.424322474577 297.5589583075261
123000 22200.240257609465 305.40410925032313
123500 22073.24108074961 304.1843904929434
124000 22197.728678095915 264.6873062435813
124500 22076.03284298239 291.8480460885193
125000 22149.265148509123 283.8756038192723
125500 22043.692125666716 295.5919380814124
126000 22100.156578410246 302.1200681260409
126500 22161.836345065214 299.3873473899071
127000 22152.805782664396 302.51082871716864
127500 22153.254682887175 296.9029010639466
128000 22142.15826593695 296.29595799588236
128500 22138.933260787107 308.92195587884186
129000 22154.949068773367 296.8254248288704
129500 22166.902974236586 293.90310635300557
130000 22144.752273429014 303.98830928152097
130500 22148.782842028715 293.40157602352167
131000 22131.46252189932 302.1797461048525
131500 22066.185801852323 301.40192976356354
132000 22131.64161192236 298.51788630011606
132500 22160.76324974356 314.0521092436421
133000 22180.878962863066 306.6183208116716
133500 22129.666900981047 305.1219906172668
134000 22279.779378283598 316.8000498669896
134500 22202.002107012846 315.7357592012377
135000 22183.897821772673 304.4459823044286
135500 22131.61470280943 290.7982743941227
136000 22134.759351122953 307.8689299322449
136500 22167.085192549803 310.0728847512492
137000 22273.017219889738 305.745154880914
137500 22164.17300163565 311.6055624394604
138000 22186.522627223112 311.3651983654048
138500 22180.755061495878 325.2776772412685
139000 22137.640151370146 291.06477261661763
139500 22070.278937686064 277.32351747190785
140000 22092.476302016355 296.64876899981283
140500 22213.81394707022 272.1441748334647
141000 22111.683851588346 294.4922261320959
141500 22098.550862658598 277.4081280291155
142000 22048.230726588346 273.40344527143264
142500 22020.46785627661 289.3770172947078
143000 22211.86550175009 289.6646431237954
143500 22182.639252651312 308.30637652609227
144000 22141.220253337004 296.8471281877754
144500 22117.422399747946 301.93127143300535
145000 22131.53885303793 293.9034317782256
145500 22113.29667078314 302.8771323513756
146000 22124.491022456266 305.46103363111905
146500 22129.203702080824 319.2844210948224
147000 22288.421851504423 315.2441167919009
147500 22172.843365061857 306.598494905959
148000 22159.893465388395 296.11479627916293
148500 22163.903876889326 301.44358419172727
149000 22217.83994137106 273.1146679377203
149500 22081.831184733488 298.0570090904266
150000 22058.102016556837 301.8009511487382
150500 22198.44354795275 289.4297361803525
151000 22151.25489841757 298.08469526683837
151500 22143.831217158415 299.8401390345143
152000 22120.04711066542 287.55320919811635
152500 22090.727878916838 310.4717809728777
153000 22130.427008021452 308.5988587007711
153500 22170.266912806608 304.0825323990741
154000 22163.81059299765 332.09533560088636
154500 22208.117888796904 326.10533370664047
155000 22191.40422378836 318.1656842864887
155500 22284.59816490469 317.0628933139365
156000 22215.23043094931 311.53677255448804
156500 22244.14990602789 304.2028395996481
157000 22222.340331423857 310.2230059085198
157500 22138.314390528776 314.56873429679354
158000 22080.681539881803 296.4595717834295
158500 21937.214299548246 302.57210878937116
159000 22139.663803446867 294.60084305745806
159500 22126.470597613432 309.2965954052235
160000 22114.522627223112 295.0556873842223
160500 22183.3369582778 288.22100678232607
161000 22169.697503436186 300.7207396799141
161500 22114.242299426176 317.88186342920454
162000 22110.50456463156 294.8641370931711
162500 22113.85245071707 286.98759513299586
163000 22004.33000122366 303.43098104315663
163500 22090.51095424948 289.00986254838676
164000 22118.790737021543 323.12661653687366
164500 22039.00365840254 312.25894118315193
165000 22132.8337129241 311.5173471721232
165500 22201.287255156614 310.36371476711867
166000 22148.967729914762 307.2222849873371
166500 22166.844879019834 295.1118107183228
167000 22167.854636538603 307.834134466411
167500 22178.589777577497 331.9355267851426
168000 22189.003772843458 295.8423152391613
168500 22146.96149479208 287.0749092228007
169000 22115.240621913053 299.6973023956306
169500 22048.594555247404 282.20364413688856
170000 21995.281828749754 295.83440490304366
170500 22140.304573405363 284.79705784614043
171000 22194.767005789854 285.7867510383778
171500 22117.63482509909 285.1924995538948
172000 22192.304817545988 279.8872674207186
172500 22083.208373416044 298.8781320186887
173000 22131.761311877348 303.1199746636454
173500 22102.105243075468 297.33801961583526
174000 22054.640447009184 305.02040788319914
174500 22123.697975504972 306.43763471642757
175000 22094.20599972067 284.37275342464045
175500 22043.56536136923 306.72443446611044
176000 22061.41487823782 303.33553132285107
176500 22102.135374415495 299.77695647641013
177000 22111.602372277357 274.8804001488911
177500 21982.550369608976 290.75639467157583
178000 22068.311514962294 283.54399552006225
178500 22037.421238291838 300.3016921273531
179000 22154.563669550993 298.9415649038852
179500 22189.65201174078 298.7756981725071
180000 22185.913997996427 305.90140905194664
180500 22178.522391665556 306.84944781602024
181000 22168.261311877348 313.26087537020425
181500 22241.61210190115 305.2442503691609
182000 22228.87584804354 315.7176104870438
182500 22130.70705210028 310.93956721031543
183000 22059.712246287443 321.66485651391963
183500 22113.91653477011 289.07760105957135
184000 22061.60290371237 273.0129600401065
184500 22023.45122753439 284.917314981296
185000 22120.700905192472 282.359347588318
185500 22128.4291914588 285.90247725316215
186000 22124.3124569541 298.06459400132417
186500 22135.25035797415 286.1967117174873
187000 22066.496249545195 312.0177259969824
187500 22089.85578786192 297.14296474549144
188000 22093.300148356535 273.0197439043086
188500 22043.62861000357 287.7557738812301
189000 21945.319814193823 292.10978809626
189500 22015.80910240469 267.2797937425916
190000 22076.719955790617 288.4058983727213
190500 22059.283975947477 305.5169567035456
191000 22070.982581484892 305.92861960688293
191500 22117.554727900602 330.3842497939713
192000 22163.71095167456 306.67962591658335
192500 22100.477221835234 304.09307116966124
193000 22053.36887966452 319.07547307085423
193500 22191.109391558744 299.35615663420276
194000 22052.939778197386 302.23093799523406
194500 22046.452928412535 304.7976918691528
195000 22146.851428378202 298.6257522442012
195500 22120.782901156523 291.413928845
196000 21948.076456416227 302.6033245777847
196500 21886.843970645048 297.4940484924848
197000 21928.000399458982 289.8106839494609
197500 22070.188896048643 290.18434720018246
198000 21979.276377070524 303.9940668046446
198500 21972.306263912298 289.5275139426168
199000 22019.56321166811 282.8063066116739
199500 21998.582544673063 288.6994819866063
200000 22036.71160386858 314.720031991398
200500 22024.136841166594 312.1337526042775
201000 22087.145389903166 290.7014478748093
201500 22032.193018782713 296.89168641021024
202000 22223.426267016508 304.14118403680715
202500 22106.203327525236 295.6749465452292
203000 21996.18597160635 310.6907170478299
203500 22129.109661448576 296.48177579651923
204000 22158.148821223356 316.7582953079889
204500 22196.479862559416 312.70660112236635
205000 22069.66525589285 305.7304606805942
205500 22156.79088341055 284.1257556826381
206000 22043.606347430326 327.12844556570394
206500 22030.26141868887 320.5139276415123
207000 22105.919364321806 308.70206856093887
207500 22124.327858317472 313.4738035949405
208000 22093.63611661253 315.8360402344253
208500 22110.68167828379 314.20525935872985
209000 22078.984474170782 311.53972641417755
209500 22096.231562960722 320.6013418621541
210000 22073.47955833731 295.1740920988946
210500 22058.519801486113 295.6887145353074
211000 22029.342131960966 302.07280637100894
211500 22070.553646433927 305.5542053748844
212000 22086.181785929777 295.8412888980828
212500 22026.620989430525 300.141632984517
213000 21980.37870370207 302.7309413294547
213500 21994.91523586569 294.34348177383316
214000 22122.64673982916 289.44405489003384
214500 22039.89792286215 311.0200974359181
215000 22040.9052842742 280.5110825348059
215500 22039.024759638884 292.2890222943685
216000 21945.926792491056 305.8413806152058
216500 21934.028744090177 302.0456959469096
217000 22032.727381098844 284.4960895830316
217500 22023.815211642363 290.1860994898288
218000 22071.779302943327 292.6153486919304
218500 22059.385886538603 295.67659870403855
219000 22052.768228400328 300.1944019355803
219500 21978.290837634184 304.1410839059702
220000 22122.105209696867 280.4584387472888
220500 21980.41443859396 307.2170531511074
221000 22080.148440707304 295.2016781444694
221500 22101.29119907675 281.43586591200204
222000 22007.44051586447 289.67523195980095
222500 22122.641807902433 280.82419166189277
223000 22086.41309963522 284.66072971165727
223500 22125.291982043364 284.92640185474755
224000 22110.388209689238 309.49890976124493
224500 22169.020429167726 299.7202573899973
225000 22021.832549918272 320.15898885729706
225500 22092.123106587507 292.18929198078416
226000 22098.89649831114 280.901667896969
226500 22067.886085379698 294.49535522075
227000 22057.306685793974 298.564822629928
227500 22060.125046599485 291.7117179540362
228000 22036.544564593412 299.9414714414896
228500 22135.934328425505 297.05825405744685
229000 22089.202947962858 307.40414761991514
229500 22207.703622925856 277.6135965065003
230000 22110.582977641203 300.12210747131525
230500 22058.35930858908 278.7767163083041
231000 22081.11606859026 282.08691661373484
231500 22037.6728149539 283.1314564719018
232000 22114.343697894194 290.36305571139707
232500 22061.022734034636 306.78681597751915
233000 22059.90708957968 307.833383485134
233500 22149.974681723692 295.4127789814316
234000 22081.186984408476 309.5089228449381
234500 22177.81904791651 291.7414568126051
235000 22078.460012305357 282.6128788674302
235500 22067.078833926298 286.4736235470231
236000 22068.77947031317 292.99474443306633
236500 22137.986591685392 298.84153419779
237000 22082.73345087824 325.7680179497253
237500 22120.19612525759 308.0005519173922
238000 22100.331841815092 315.5281379108589
238500 22130.055563319303 328.40428765718417
239000 22136.02285229025 320.0907496919277
239500 22164.915124524214 318.33470513923015
240000 22116.083928454496 293.22146568059
240500 22088.982762206175 295.74749133658656
241000 22048.56343494711 298.1392415402571
241500 22006.23142372427 302.359731284238
242000 22045.441144335844 301.9763303096248
242500 22119.957335818388 279.3257086544939
243000 22070.363712657072 298.67171229835304
243500 22171.8225177413 297.4563742650891
244000 22082.766245234587 299.0615216465299
244500 22090.78012119589 335.57152780124136
245000 22031.02090774832 319.9536455434584
245500 22029.81744228659 299.79815918113053
246000 22088.606006610968 284.4883294431694
246500 21998.433933604338 284.0112811033154
247000 21959.23236690817 288.3001351762117
247500 21946.85618053732 296.0100844564411
248000 22020.214849818327 301.70036972303984
248500 21976.36325012503 322.95138757224237
249000 22082.75972591696 297.4093878698587
249500 21952.10496269522 309.1945120169712
250000 22144.32495247183 279.74575751542426
250500 21970.99828206358 315.15437452930047
251000 22031.252848971464 300.5127428988968
251500 21970.067513812162 312.31213569027216
252000 22078.7102399951 294.93187560435575
252500 22153.25112663565 295.1837296919493
253000 22138.568681705572 278.4885647923226
253500 22020.87479053793 293.2821449677708
254000 21995.397291529753 290.6954400245934
254500 21957.032995927908 292.6841385769028
255000 21964.17509876547 288.7434394240196
255500 21991.840169299223 295.9640743368708
256000 21927.81427894888 291.4303503022569
256500 22016.07552133856 285.1680175642648
257000 21983.965273249723 318.74454065479347
257500 22000.7817844039 296.119852886428
258000 21908.43930088339 277.9755444493008
258500 22010.888607848265 290.33597032000694
259000 21961.992235529997 276.6501375935391
259500 21873.171435464003 288.3512770011748
260000 21871.28622900305 305.3478857853857
260500 21957.805620539762 302.059814394917
261000 22038.596707451918 293.6156557528826
261500 21988.963769305326 284.78466665507005
262000 22040.356188166716 288.01033150142086
262500 22057.0715783721 289.5586546329027
263000 22079.491457331755 276.803412872173
263500 21968.943706858732 308.59179947676733
264000 22029.137847292997 290.1087734510079
264500 21940.361661303617 302.5504304631753
265000 21996.82391201315 300.38019470350787
265500 22041.481347907164 296.59407253013865
266000 21973.435214388945 299.0461265303516
266500 21896.15501056967 326.85651524530545
267000 22042.125667918302 314.3755568796422
267500 22158.1231950408 273.20613745725785
268000 22038.81666027365 304.1914747496563
268500 21950.339222300627 303.8883787062627
269000 21995.749412882902 320.8700429630615
269500 21969.95082699118 299.62718577706886
270000 21889.87505565939 297.28640216939675
270500 21891.824752200224 278.0409549185267
271000 21901.33390258608 279.1485271385424
271500 21908.403276789762 282.170826255084
272000 21971.71384273825 275.9733282340055
272500 21999.538516867735 277.5450819813294
273000 21959.711372960188 305.7501113573421
273500 21994.008637774565 316.4557499841984
274000 22099.31327902136 285.791281958749
274500 22097.200716364958 286.75263812413453
275000 22052.30383049307 283.87703068369865
275500 22006.905679095365 291.9841739613286
276000 22096.331358302214 293.7790442460466
276500 22019.996657717802 305.79051415004426
277000 21976.51797996817 322.0883849214334
277500 21993.082849848844 291.04750004724684
278000 21965.64401685057 300.7878774060771
278500 21933.734945643522 302.1332603638067
279000 22092.843017924406 300.10523542529216
279500 22021.71500717459 329.7518734933263
280000 22053.45303856192 295.23477138607547
280500 21984.525740969755 294.92864638486463
281000 22065.72563170252 287.38401311641024
281500 21966.811829913237 309.4536255902424
282000 22050.870581734755 290.6531347459895
282500 22038.90562282858 318.19742576179624
283000 21969.291630614378 302.9458972036388
283500 22096.575227130033 292.9331639683531
284000 22066.981267321684 313.9743075833458
284500 22063.850303996183 301.96729350159166
285000 21955.705435383894 319.6824161389185
285500 22044.698665965177 304.21790929060637
286000 22009.724899399855 309.3118152924372
286500 21988.708814967253 317.24953719397803
287000 21993.7713861352 309.679921281709
287500 22043.49113260565 306.56838055675166
288000 21976.264849055387 322.4848780029755
288500 22049.455298770048 308.0466872005087
289000 22013.619319308378 306.18312716165525
289500 21996.053476203062 311.8072259450418
290000 21969.2088874465 324.09150231426105
290500 21996.253311980345 316.54271361607397
291000 22138.15778099356 297.1755072674944
291500 22112.990076411344 314.934437145979
292000 22013.52913461981 310.9868039326382
292500 22085.671551275827 287.28045279831315
293000 22036.709175456144 311.4034733778221
293500 22049.524771082975 291.14858212712977
294000 22080.47012649832 301.7453284688223
294500 22048.486139643766 309.38869074249186
295000 22067.455017436125 296.69410323623384
295500 21996.83561931906 311.8876310070983
296000 21954.582765925505 306.70285627075157
296500 22098.46056877432 309.50501774229775
297000 22178.697552550413 297.6753103400412
297500 22006.20576320944 314.083249933928
298000 22078.043675292112 272.93167883322684
298500 21961.286405909636 285.9915436326133
299000 21969.37101541815 296.7824937325357
299500 22123.433767665007 269.6278869013598
300000 21987.74848853407 299.042196395002
300500 22166.314361918547 292.9291086694573
301000 21988.33007179556 328.7273347698365
301500 22110.55571495352 301.57217721905744
302000 22062.89745483158 325.49143154540945
302500 22144.286313403227 301.0738010109369
303000 21963.228959429838 316.8216280623485
303500 21992.206763613798 305.0060891735178
304000 22023.92053829489 278.222091602537
304500 22061.82488857565 273.55404205017857
305000 21907.80327354727 305.598313008553
305500 22145.658991921522 275.52754574798354
306000 22093.925829756834 274.8808757703665
306500 22058.725026953794 278.8107858255703
307000 22084.46837817488 310.90960305736354
307500 22130.78318678198 316.66342133999564
308000 22078.12111603079 297.7218211137962
308500 22060.72180949507 300.6051886940944
309000 22057.654781687834 291.81385140770703
309500 22045.7036222106 282.3760944707949
310000 22021.906935382463 304.7542851513427
310500 22160.112307894804 290.08934806864306
311000 22113.597989428617 292.1813065465388
311500 22112.533157694914 296.1269872085594
312000 22140.548836100676 292.32076376967603
312500 22119.881723273375 306.57458866864147
313000 22253.426917303183 299.9528863568999
313500 22225.348715174772 298.9909794719112
314000 22103.802074778654 331.01302138448676
314500 22260.217723239042 305.6227449327645
315000 22251.61903368292 294.5119769396807
315500 22174.671133387663 298.43134822429744
316000 22177.379156458952 290.3494128848651
316500 22191.456793177702 299.01040485427603
317000 22076.870638239958 305.4474659027147
317500 22198.69646393118 297.3273306489928
318000 22232.067516673185 298.3359986348288
318500 22130.727354157545 308.8185207242909
319000 22228.22367893515 334.1318215951216
319500 22079.804741252043 331.1796140644326
320000 22087.14986454306 323.3054502116344
320500 22114.999084818937 300.6812881301629
321000 22013.851312506773 311.0825039800361
321500 22039.60841404257 301.094553126891
322000 22068.387652624227 293.70244415579356
322500 22107.646764147856 301.74983435648426
323000 22044.331740248777 303.9223480926919
323500 22068.66536186991 303.08698155287624
324000 22029.86964117346 324.31068871630555
324500 22139.962386477568 294.8026567592948
325000 22093.955674994566 296.29112668300047
325500 22053.916746605017 300.5434580331258
326000 22069.518380034544 307.9509871531108
326500 22228.314832079985 297.26119423119906
327000 22143.240249503233 317.6704371670223
327500 22187.26524435339 288.5472080163418
328000 22121.3651746398 297.3222490090185
328500 22239.575088847258 281.96047639939883
329000 22188.19475733099 309.9616143587084
329500 22083.178720820524 301.6566626127189
330000 22082.180527556517 306.2721184429787
330500 22117.44913040457 280.4859747274452
331000 22079.49601208029 294.06609432282187
331500 22125.83223663626 307.5661092486529
332000 22087.79073082266 269.57349082419637
332500 22055.1794532424 288.752075708705
333000 21989.55186544714 288.514465232665
333500 22057.736485827543 298.0243414048775
334000 22106.71569691954 286.92626499537494
334500 22047.529512751677 288.2638627805331
335000 22056.624185908415 300.3816966660618
335500 22105.115421641447 282.01582371951304
336000 22113.47308956442 294.541865994505
336500 22081.015057910063 293.4631815209442
337000 22097.420539248564 276.0237441104008
337500 22056.519819605925 293.82948515515125
338000 22067.115698207 284.4368872256955
338500 22103.15849577246 286.9275416635458
339000 22016.861540663816 296.9402248334131
339500 22072.4390777236 285.1502193080001
340000 21953.593922961332 301.28337485263586
340500 21978.68732105551 277.12931371367796
341000 22048.671503413298 281.9381722554721
341500 21986.63406835852 318.9788968786332
342000 22006.77687631903 296.7051426610056
342500 22028.31077038107 279.7965989478766
343000 21991.777246344664 287.92762343011486
343500 22010.856233943083 285.0957981981275
344000 22043.4491423255 274.22649571830567
344500 21991.937105525114 293.4989532624382
345000 22065.33527885733 293.69551009533603
345500 22088.549677241423 288.5825792344881
346000 22002.247479069807 308.8586481571915
346500 22030.446599352934 269.9994474045057
347000 22017.016718257048 297.64777435988486
347500 21963.151341784574 301.8457596982653
348000 22020.608435023405 288.86815238141855
348500 22068.90376697836 286.11210116027956
349000 22137.14669309912 284.09659257638157
349500 22102.551633227446 294.5093735379205
350000 22126.49521671591 315.3437469746484
350500 22048.692955840208 304.6638670055929
351000 21981.563526499845 307.53729660032565
351500 22085.19715534506 288.19424681615595
352000 21998.718296397306 297.8831569248032
352500 22071.88225780783 307.0969712449165
353000 22068.43278228102 309.56634787991874
353500 22045.518961120226 300.34106857897666
354000 21944.79584347067 307.45353715523186
354500 22055.225622523405 280.7639128980596
355000 22053.96270834265 306.14047142512214
355500 22034.78878437338 307.9533151950695
356000 22070.322110522367 277.7414135198442
356500 22061.040953028776 303.8454225772188
357000 22071.808012354948 291.06219424756665
357500 22045.4069718009 306.859736259515
358000 22102.039337504484 302.2653830031387
358500 22042.774479258635 316.2076007375713
359000 22034.5908645278 295.12790675035967
359500 22005.644872058012 301.17673551130315
360000 22084.414724696257 311.3424186000027
360500 21986.41229950247 293.61623150519495
361000 22043.919302809813 283.5383381277756
361500 22057.013216841795 284.64255596475414
362000 21987.26105819998 310.7459392043979
362500 22128.61216770468 296.8715100465684
363000 22069.47562824545 302.6001954891306
363500 22066.395149517633 290.00533829645696
364000 22045.464577067472 319.7847748869724
364500 22100.94373546896 307.47133541149657
365000 22012.52742992697 301.0760289220586
365500 22010.03236328421 292.4628494272827
366000 21984.444069254972 296.6514975651192
366500 22048.964228022673 304.52946638972077
367000 22044.15089784918 283.809292172514
367500 22142.58825527487 279.3514673122947
368000 22046.21449695883 305.6424206422216
368500 21989.907019961454 293.08160793410497
369000 22000.67880188284 291.9976665916052
369500 21984.76586376486 294.0537281644607
370000 21999.732469904997 275.21428642464133
370500 21973.989970553495 299.2201789576489
371000 21989.21419845877 307.7872482020175
371500 22015.979735243895 282.1137266453235
372000 22038.84313999472 308.0830597270243
372500 21977.904571879484 337.42009324726416
373000 22022.38174568472 303.099522940202
373500 21961.982087481596 291.4246428445518
374000 21974.835057604887 297.1076435927636
374500 22024.267000067808 299.991136336608
375000 22127.558329928495 280.901242340912
375500 21952.428943980314 287.49172886424003
376000 22022.26182161627 279.4360528367931
376500 22047.51149617491 289.3846272383146
377000 21963.260973322966 298.623474267661
377500 21929.046904910185 312.5364788304186
378000 22008.58715759573 305.8059593316411
378500 22088.389432970263 296.53582141575333
379000 22097.194964755156 300.55209431781117
379500 22098.777881968595 300.64451508029947
380000 22002.755003440954 306.71006569101064
380500 22075.76299129782 285.64864558153914
381000 22012.86354671774 286.9966569737382
381500 21948.854438174345 278.9506435720553
382000 21882.40524517355 294.94847229057723
382500 21996.652894008734 289.9646601439533
383000 22024.150565016844 284.4835732284151
383500 22067.62609969435 292.97171434057196
384000 22060.878986704924 287.94602247140114
384500 22030.853822100737 307.5543188426041
385000 21950.163803446867 308.5834135191743
385500 22143.714643824675 283.97533413285674
386000 21944.8537343627 321.9427195864064
386500 22052.918012011625 287.0993912124306
387000 21966.895812380888 299.19386958024495
387500 21948.612955439665 319.0100375689191
388000 21928.0174645072 311.8719605311184
388500 21985.38785206137 308.82738230335946
389000 21990.627580035307 289.7606185309948
389500 21868.678753722288 300.3455994993478
390000 21879.675663102247 289.14441336051436
390500 22032.552534449675 266.4765441687219
391000 21980.851342070677 290.8146457859611
391500 21913.381627667524 287.0873254465803
392000 21926.709195483305 256.29764380954725
392500 21853.19101558981 290.97105015324917
393000 21995.812711108305 300.03259050309794
393500 21986.412066805937 303.83448328328393
394000 21983.079255927183 292.85025563537323
394500 22082.990465510466 293.95039314074677
395000 22094.854082215406 290.9543533361907
395500 21999.629788983442 290.5368828443113
396000 21987.099897254087 319.2576611286523
396500 21934.875954020597 295.4909811650756
397000 22011.86784051714 288.11574424000116
397500 21930.804853785612 304.99933034202485
398000 22028.837761033155 290.7552181342419
398500 21964.411919463255 310.32629086681527
399000 21928.843242991545 318.71958304368815
399500 22044.68771349249 297.47817775483105
400000 22007.087911952116 298.88659307440946
400500 22053.984436381437 302.81317377928525
401000 22043.029557097532 315.08871373298217
401500 22090.64807735739 299.6640088923507
402000 22040.128343451597 309.2299082678267
402500 22022.715234625914 302.4426396172178
403000 21926.423141110517 308.1958571148284
403500 22015.847752798178 282.2921347640273
404000 22077.460547793486 286.03147080384
404500 22055.97283111868 295.97644049523194
405000 22076.536842692472 297.8134908950076
405500 22023.016643393614 321.4490745603308
406000 22035.274714339354 314.3165547839799
406500 22014.139298785307 286.8585264841903
407000 22018.14478861151 295.34932106352585
407500 21950.55569492636 311.8351624485459
408000 22000.701309073545 299.6649851680108
408500 22029.97657810507 285.20313845531876
409000 21943.99277721701 303.92935725127717
409500 21959.2372783309 285.32291996899886
410000 21940.641348231413 310.77319982475274
410500 22074.942043650724 292.05331430423024
411000 21908.298220027067 307.50347741015185
411500 22010.86341606436 283.77785108971733
412000 21978.77613102255 286.30367648404
412500 22048.0377105361 300.74106623981135
413000 21944.058088648893 291.7067614776081
413500 21971.07489239035 294.0539534588438
414000 21993.570726740934 289.51009117699056
414500 21990.80216442404 295.72673922063234
415000 21967.501931834795 319.11822893822426
415500 22037.973080027677 304.7101274522556
416000 22040.588760722258 296.9966735927336
416500 22055.65809475241 294.8474152434035
417000 21985.90651046095 304.07807657683065
417500 22117.840454447844 298.8062380777714
418000 22053.84708105383 309.29228977923543
418500 22015.155548441984 300.0007488969535
419000 22106.19495235739 296.0666583793078
419500 21986.707357752897 305.0605353160997
420000 22079.339499343016 285.65540441303204
420500 21951.286661494352 291.791397067525
421000 21941.211033213713 300.221337130715
421500 22049.91728102026 275.2550897406912
422000 21960.95658050833 292.14112904821974
422500 21963.500479090788 287.88068710030296
423000 22046.611070979216 294.1082243724611
423500 21994.57039867697 303.6746995002495
424000 22023.571298945524 317.1519096279692
424500 22123.00915180502 314.6331935230686
425000 22077.49703251181 302.3226077764454
425500 22063.284801352598 303.2324966916479
426000 22046.111379969694 293.0182751797454
426500 21959.146113265135 303.58410612553513
427000 21865.998962748625 300.10974131295416
427500 22009.6440147048 271.06193571519276
428000 21910.659313548185 292.83135593990227
428500 21957.53284298239 292.6547001108448
429000 21958.03056942282 302.52967834722114
429500 21974.899712908842 316.73356299126664
430000 21916.53062282858 313.39975684102916
430500 22013.59434448538 300.62461407645924
431000 21974.80309902487 298.8345751046232
431500 21953.04027973471 280.0384900171954
432000 21939.926350939848 307.3538819397752
432500 22040.78528915701 281.51975052064194
433000 21962.317750084974 296.51081373922955
433500 21952.626589167692 290.22920581512807
434000 21929.13783489523 278.7418457443425
434500 21827.145506966688 299.26548816136074
435000 21924.005169261076 281.7826940984258
435500 21980.464653361418 292.7951336096421
436000 21951.312766421415 311.7230659766003
436500 21888.89963423071 299.37433038110595
437000 21895.51414047537 301.8475870860393
437500 21989.703297961332 285.1016308193788
438000 22008.984082568266 297.9518466789386
438500 21897.42039047537 294.9535539305515
439000 21907.620670664885 290.89975699735345
439500 21948.98892246542 288.2511711969519
440000 21866.369522441008 292.70416474428924
440500 21866.465801585295 286.777070048346
441000 22014.936645854094 272.14204705317985
441500 21878.330921996214 299.9325597970027
442000 21929.22980629263 299.0571909878326
442500 22000.627006638624 295.87395658363187
443000 21971.062498438932 309.90594161337407
443500 21918.83124624548 315.6433634714586
444000 21956.28773890791 310.8272204112776
444500 21995.362165320494 324.0093699952675
445000 21983.29529987631 330.46510544479395
445500 22014.461187232115 305.2871814654956
446000 21998.30176197348 304.8727899968519
446500 21974.44204770384 295.1588972443902
447000 21909.505115855314 311.32797472677527
447500 21958.005855906584 298.2765459504003
448000 21977.04323803244 314.30488954147734
448500 21944.199671137907 307.00207224421405
449000 21925.96726738272 314.0273769269199
449500 22029.284143794157 286.9861933012788
450000 22062.898355353453 289.1111198572344
450500 21985.919394839384 300.1518963953025
451000 22018.187094081022 302.6580210474589
451500 21972.097215045073 304.73533539045326
452000 21990.954626429655 306.9715073062405
452500 22045.366459239103 295.20262938742025
453000 21976.82766567526 296.8863544431436
453500 21947.757587302305 316.16679742152144
454000 22033.945063937284 310.7547006526295
454500 21985.675389636137 309.7656082454137
455000 21956.640995371916 290.75824709205904
455500 21913.475757945158 285.33065507615186
456000 21871.086073268034 278.58246248465576
456500 21946.68240772543 274.48410732902283
457000 21856.91784321127 286.29659222732704
457500 21844.219396937468 279.073504108971
458000 21764.359260428526 282.1293971213033
458500 21891.276029933073 271.13798508584273
459000 21875.289966929533 280.96317326355455
459500 21848.05965327082 297.85048923925405
460000 21939.41714893637 277.6687936303591
460500 21962.585797656157 296.7329790336728
461000 21904.219452727415 302.76984215960283
461500 21948.120542872526 295.7230093469566
462000 22015.82549606619 292.69895794076876
462500 21906.62917171774 284.3912025313452
463000 21941.632308352568 282.55750651460676
463500 21890.203274119474 311.1422069915569
464000 22024.378080714323 283.62342430645873
464500 22051.830554354765 285.77290795017194
465000 21971.508555758573 305.23538879009243
465500 22029.163409579374 274.5397550416479
466000 21925.373702395536 304.58223534078405
466500 21987.68220173178 294.69066041818616
467000 21961.32552467642 303.1386991301517
467500 22018.590578425505 284.50184710615525
468000 21974.256534922697 290.6475774845398
468500 21980.429282534697 295.17889837906733
469000 21933.3412135726 282.61022540025147
469500 21971.029919016935 293.5738511284634
470000 21999.39232670126 286.6078739666399
470500 21924.275074351408 288.2463899494884
471000 21964.82748447714 297.2996695052903
471500 21919.639171469786 292.7017616042029
472000 21866.950275290586 309.7828808147845
472500 21883.07838569937 324.07455517011033
473000 21950.010752070524 321.89898744337626
473500 22058.687066424467 318.0852291590137
474000 22040.484619486906 296.7483991825603
474500 22003.072288859465 294.7002229131132
475000 21992.851791728117 290.2759418832661
475500 21981.119977343657 297.28304778635953
476000 22010.512388098814 303.28804427343596
476500 22149.459174025633 292.88700365252737
477000 22064.116314280607 294.76708527947466
477500 21920.54867588339 282.65395754328165
478000 21939.433877099134 309.7358443541356
478500 21983.73016868887 290.71188651455947
479000 22010.819376338102 295.28258386071053
479500 21990.311946261503 292.4305822650814
480000 21918.549839366056 319.88305330342126
480500 21874.288195002653 315.4117858783438
481000 21999.399902213194 305.9023602948975
481500 21921.947845805265 296.8455260943845
482000 21871.893072474577 298.1943885986975
482500 21830.718080509283 271.7659556296627
483000 21927.710501063444 267.67475982887044
483500 21946.810472834684 268.8071394637361
484000 21944.887225258924 298.3984051789468
484500 21973.403187144377 287.9398143595114
485000 21881.181799281218 300.85972128157596
485500 21852.065150607206 287.87510480614395
486000 21863.331878054716 285.88185030075414
486500 21949.117111552336 286.7717631139886
487000 21828.864031184294 293.99067076990275
487500 21888.570221293547 300.39436321693375
488000 21908.904813159086 286.0550766486468
488500 21914.802218783476 298.14917952582266
489000 22012.219882596113 289.0802795594593
489500 22031.45452486334 293.09247212991215
490000 22049.75277410803 307.72639368587204
490500 22151.29913591204 281.27295304031344
491000 22056.320468295195 316.31519132185485
491500 22045.760839331724 304.9487893020834
492000 22026.967762816526 310.12107271652286
492500 22044.72775112448 302.89495564034956
493000 21976.459200251677 294.1373874787176
493500 21926.00561152754 309.1963644374544
494000 21914.108933318235 296.4536390313413
494500 21910.077221978285 303.55071249141827
495000 22051.881059992887 293.2123037090107
495500 22057.126777995207 292.0582707806584
496000 21994.64446293173 305.5047908068584
496500 21926.190832484343 323.64394250588356
497000 21948.855189669706 303.3210123514959
497500 21978.423109400846 294.2440518527595
498000 21992.563902247526 281.05874814740633
498500 21992.871269095518 288.4654261552775
499000 21972.0124174243 286.4260613994804
499500 22040.27149998007 291.10490004951816
500000 21981.77366768179 317.5145584866282
500500 22032.174223292448 296.88873255052073
501000 22011.607282031157 281.5434314635764
501500 22060.809159148313 290.36475793562494
502000 21999.85218702612 312.932896813833
502500 21952.130083430387 292.8406180423185
503000 21912.194355834104 296.34970322260574
503500 21935.385409701445 288.05473952760025
504000 21911.046326029875 300.1624852313081
504500 21977.073315966703 297.19530814049773
505000 21914.93798862753 309.9235145752557
505500 22036.607379305937 304.066836890385
506000 22085.08699666319 306.9088754677395
506500 21988.850458014585 324.8015801443654
507000 21912.469142306425 301.44293334128724
507500 21963.453485835173 306.2461344907948
508000 21907.95745776949 292.25447715562694
508500 22054.78291319666 291.78681608173537
509000 21974.651796687223 322.3532810505374
509500 22006.28496705351 292.1926713965306
510000 22003.59259115515 305.2916623204483
510500 21876.066968310453 292.1288129552771
511000 22014.86673485098 295.9457754264214
511500 21952.344575751402 299.6025786238928
512000 21907.56139456091 301.26234737688014
512500 21936.91876446066 292.5641067361304
513000 21927.641641009428 296.4087553836864
513500 21939.873174059965 299.57173832611767
514000 22027.935452807524 276.40792109900025
514500 21921.876503337004 296.477670432205
515000 21986.44817386923 297.1168806624706
515500 21922.598708499052 302.60605314309106
516000 22072.791182864286 275.57751103561276
516500 21997.959107745268 289.0456843552993
517000 22042.52305733023 279.63168345944933
517500 21833.608923304655 304.50986577839126
518000 21938.197656143286 285.4406237678126
518500 21934.327225077726 277.23965789597713
519000 21947.16995083151 294.9279204362969
519500 21943.823626387693 301.01657623763015
520000 22009.698698390104 290.7219496636711
520500 22021.723452914335 299.59757208204616
521000 21970.97799151001 299.69575036765815
521500 22021.624285328962 300.00154994364897
522000 21954.689026702024 285.3005156942353
522500 21913.708925593473 282.10804422032754
523000 21989.028763163664 307.16265707394405
523500 22019.33999859152 279.0716516884878
524000 21933.69322048483 305.9061152012825
524500 21896.026896823027 307.4808228082959
525000 21935.702257502653 297.59528076862324
525500 22129.028313029386 282.2105030992184
526000 21965.704602587797 305.1343317429187
526500 21916.212657321073 300.51962689393594
527000 21946.61405025778 304.58659103219054
527500 22135.66195522604 289.96000406003594
528000 22031.678696024992 288.598900560908
528500 21997.342638362028 286.7285566578524
529000 22026.223720896818 293.6636184237731
529500 21993.128964293577 286.85832622251644
530000 21834.766160357573 309.52782254040903
530500 21987.713165629484 294.88824359216255
531000 22031.800063956358 300.36487468545727
531500 21982.972095835783 310.6295371064643
532000 21975.397061694242 305.76420477264037
532500 21949.672842848875 308.8997768984614
533000 21981.092410433866 315.11554879728004
533500 21989.87761818228 282.6500774733505
534000 21977.432228792288 309.5750592627318
534500 22064.348541606047 283.675016720188
535000 22081.709701884367 295.5123590987606
535500 21913.18786464987 293.70412134731214
536000 21903.89254032431 317.64653092970474
536500 22035.72317539511 291.94797666377764
537000 21997.08622347174 300.12408505534466
537500 21975.291297305204 300.81185874152237
538000 21925.07327305136 318.2783314780374
538500 21943.86015926657 311.2174553155114
539000 21970.652056325056 310.7300934994534
539500 22030.886975634672 321.08066817854825
540000 21929.983576167204 314.03426092195895
540500 21998.859650004484 327.01639915917684
541000 21988.97853599844 296.2620887402901
541500 22028.35051094351 293.0538216268563
542000 22079.677746165373 277.10645885014816
542500 22040.9094318038 311.5679883429017
543000 22018.859817851164 314.6906185580492
543500 22038.63990246115 312.33496552109267
544000 22057.263367999174 318.23352292851024
544500 22037.484287608244 312.58021097344874
545000 22156.640476573088 313.39259748618855
545500 21989.027828562834 308.9142458043981
546000 21887.61202656088 309.27787093871723
546500 21868.467593539335 297.2904574682925
547000 21927.71239124594 290.87126977424623
547500 21935.549770701506 287.777251945752
548000 22033.70356022177 293.766402727884
548500 21980.68882786093 301.67934224728407
549000 22100.13121734915 297.7929640734365
549500 22120.894527781584 300.55589928961456
550000 22064.811221469023 310.8806902781994
550500 22035.930029261686 306.65421771671174
551000 21965.51878677664 297.8233788151546
551500 22017.00326763449 296.123182236756
552000 21988.292122233488 304.47822443392073
552500 22036.853721964933 293.31095761609805
553000 21993.461193430998 320.33772240122096
553500 22055.557854998686 297.0825858508214
554000 21988.170545924284 292.4893590663605
554500 21955.170626032927 288.7495474050724
555000 21972.421015132048 287.6501108155574
555500 22013.673574793913 281.16408578785894
556000 22013.800218928434 278.02150450345266
556500 21896.181986201384 298.51575851983125
557000 22009.863857615568 298.0687243983476
557500 22003.77351366339 308.74257148447793
558000 22062.006708133795 269.7480188729691
558500 22009.775212634184 304.01934984096994
559000 21974.29565583525 293.62201406102776
559500 21984.9475511199 286.02854197685974
560000 22039.38491855917 287.2938452977528
560500 22005.63641201315 294.4818375577642
561000 22050.605627883055 301.2635239142141
561500 22105.313119280912 308.3336872118655
562000 22014.385206568815 277.4920877358831
562500 21940.677421916105 309.1240699731894
563000 21989.245841372587 299.3169303788346
563500 22004.106793749907 308.15485353710466
564000 21988.656407702543 312.38723381797126
564500 21901.377314913847 313.8053117633136
565000 21933.850693095304 308.51389768563416
565500 21916.055692065336 279.597488778637
566000 21817.04640566168 274.25778660484696
566500 21914.828884471037 267.9116944217612
567000 22002.356225360014 278.2142062991286
567500 21973.73407708464 296.10771202244996
568000 21977.96231209097 294.92394023552885
568500 22120.55385433493 303.5726661774156
569000 21991.443866122343 309.70562987409136
569500 21932.689412463285 312.7284046121083
570000 22012.51159702597 299.52034617406224
570500 22002.089758265593 283.4191323664079
571000 21940.76304470358 298.30533356601836
571500 21975.341062892057 322.8292029184759
572000 21978.527000773527 292.1387509408426
572500 21953.861356127836 283.4351032348986
573000 21909.217039454557 285.59149590636014
573500 21932.133653033354 290.68760478660346
574000 22026.70556675253 287.9885029789696
574500 21967.087143290617 297.8692137057604
575000 22064.32836233435 293.08771591515784
575500 22048.17396103201 296.4712870913506
576000 21955.824634898283 306.4123767128114
576500 21917.873707640745 304.3126831277627
577000 22073.032492983915 293.43269168109833
577500 22112.04661213217 283.6218222130678
578000 22061.522014010527 321.21071310301386
578500 21996.244850504972 295.57982225014365
579000 22039.353556025602 308.6491744463294
579500 22019.295809138395 306.6588487679199
580000 21964.871371198275 307.88024471681825
580500 21985.21836601553 312.67576082459124
581000 22013.452770579435 296.01268785820133
581500 22019.11002336798 291.76173330708383
582000 22007.15025173483 303.37786163416416
582500 22059.633061755278 315.7272230473893
583000 21984.075455058195 293.5009058137584
583500 22028.81206737814 297.1355300308492
584000 22026.808880675413 297.9197046802834
584500 22053.559113848783 296.9471338611614
585000 22021.520014155485 301.7271046565007
585500 22129.291361201384 286.6450976052695
586000 21987.478039134123 315.21430283520436
586500 22060.891700614073 292.34434458177356
587000 22037.90670691786 299.8453458380348
587500 22070.527313578703 301.4237332533055
588000 22038.666780818083 317.5057219402689
588500 22070.834764826872 317.82048322616515
589000 22009.85700308142 307.1653606065411
589500 22009.964591372587 317.30896484569723
590000 22013.531858790495 295.62600759867865
590500 21908.341734278776 297.93071907234594
591000 22017.280448783018 295.571586488806
591500 22015.706215251066 294.3612800300979
592000 21970.557413447477 306.9268489529688
592500 22027.286348689177 302.872651496423
593000 22042.76047264395 291.9987429981023
593500 21970.23095928488 328.26565651345163
594000 22074.140569556334 295.83505575348374
594500 22082.316027033903 287.3331466512487
595000 21981.383238185026 302.6246774787605
595500 22089.824542391874 296.73628335129155
596000 22053.41021536646 302.47543246631307
596500 21987.996680605986 301.2555885453872
597000 22050.33543812094 285.82377441533345
597500 22076.791538584806 305.3369464914509
598000 22052.808512557127 302.9194626626887
598500 22040.072507250883 309.1297523981853
599000 22037.842346537687 292.21615207779115
599500 22066.10587536154 301.98604300080723
600000 22124.71530567465 296.84309792158894
600500 21977.493823397734 307.0633272837073
601000 21934.621181834318 312.80470430985065
601500 21919.625989783384 292.99504482557717
602000 22011.560066569426 281.602258330274
602500 21980.979297030546 288.53864682978406
603000 21957.27294157801 311.59204477647455
603500 21979.910029876806 316.17405690719903
604000 22061.62053715048 296.3087747430097
604500 22012.78455578146 300.0440805166359
605000 22042.06398044882 313.8182536739871
605500 22042.177883494474 330.05972575147416
606000 22194.901145327665 310.1145642121222
606500 22019.50250564871 307.79545893064596
607000 22030.521972048857 294.0144268109649
607500 22005.676423419096 286.24973099564284
608000 21960.784715045073 287.5450986003248
608500 21995.75583492575 277.00878121872086
609000 21913.451079714872 294.2054764478315
609500 21963.76230179129 299.94632778708086
610000 22019.738866675474 270.8148378423534
610500 22008.365935195066 273.85663743938755
611000 22039.72615372 295.5271033644989
611500 22062.49126373587 304.422176197948
612000 22021.61650501547 317.71769892205424
612500 22149.08610760031 315.0122638389845
613000 22272.598810542204 303.97288913263344
613500 22035.49934421835 323.01031456977694
614000 22026.222808230497 301.078857618202
614500 22108.269504416563 306.5009424380779
615000 22157.787636268713 294.54777371388394
615500 22096.22748409567 301.42195593094993
616000 22016.44643055258 316.1995652379075
616500 22156.47697578726 288.8640470171043
617000 22129.6050227767 288.36204106614497
617500 22048.373746264555 289.60303762637284
618000 22013.446283448317 276.14007111020675
618500 21956.43118320761 304.2145048421507
619000 22057.256360400297 289.7451483166888
619500 21936.605324137785 290.7888120300326
620000 21951.714491117575 271.7749423722774
620500 21889.35907207785 285.9456086111707
621000 21988.81435208378 305.9005329071235
621500 22004.71586977301 293.3865063325634
622000 21962.095184672453 292.2984095603309
622500 21976.53871761618 302.93916340485515
623000 21987.30044590292 312.83111381809147
623500 22044.803861964323 298.90434126525565
624000 22025.87045155821 283.9561841102935
624500 21973.63211308775 295.17571922499474
625000 22051.08211742697 295.0603935335581
625500 22072.000671733 281.06951221237654
626000 22041.74204193411 290.2035723208734
626500 22010.92856537161 304.2857979980464
627000 21989.66302429495 298.40821800096614
627500 22050.598945010282 307.4527110758272
628000 21982.355470683255 305.512701142976
628500 21985.217667449095 295.01566008215866
629000 21951.807319987394 297.275688169845
629500 21935.34892689047 292.80061577296414
630000 21919.02265774069 323.2896545721084
630500 21925.531265128233 317.2114374105253
631000 22040.083256114103 290.1272475904219
631500 21944.201891291716 306.1646029568228
632000 21991.541858065702 281.9286347932544
632500 22002.81190286932 309.58349528574337
633000 22018.47179924307 317.31792655560264
633500 22013.20104633627 325.64903748274065
634000 22091.542802680113 296.35909048856814
634500 22006.86156021414 301.6394901741851
635000 21929.83710418997 285.6814634633437
635500 21979.57323108969 293.71533600104857
636000 21883.01120888052 315.8521112337529
636500 21944.330816615202 299.95821832396655
637000 21901.55143963156 302.0453204562711
637500 21947.225235331633 313.82911786979423
638000 21943.42241894064 300.14135762471545
638500 22026.9259627944 279.9784115150361
639000 21924.65529762564 312.794215604682
639500 22008.371482241728 279.45660469107344
640000 21959.804965365507 280.2751242175753
640500 21981.519106257536 281.2583089054121
641000 21961.827247489073 294.1932604857257
641500 21904.126883733847 311.35748829096104
642000 21996.313249219038 307.57159141197485
642500 21997.687240291216 323.8379209697304
643000 22104.113142836668 293.71258240303297
643500 22046.524244177916 316.17112808021875
644000 22058.193252194502 304.7006650881655
644500 22012.54665385542 306.30215769405834
645000 22098.246141779997 291.4815672253477
645500 22030.594097483732 301.3317380468741
646000 22015.885434496977 305.97415410497786
646500 21954.13994442282 306.37415176581254
647000 21927.403785098173 310.5678565109141
647500 22007.868435252287 295.0991191347416
648000 21986.383001673796 320.474801516981
648500 21963.5681251174 304.42770842668847
649000 21890.488684046843 315.59562609495123
649500 22094.372772563078 306.29457278316073
650000 22015.13926159201 307.5093600968216
650500 22017.814541209318 306.44892446829164
651000 21988.864444125273 282.93462427920247
651500 22019.35845600424 275.4045850802309
652000 21863.635587561705 325.6887643922935
652500 21974.594592440702 282.69323386406825
653000 21883.376832354643 296.74532015932465
653500 21828.80332695303 311.15547432745046
654000 22000.262767661192 281.0661077639208
654500 21904.833162177183 298.64297474815356
655000 22007.12036119757 281.2332761961791
655500 21958.035595286467 306.47112848138136
656000 22012.094197381117 306.4952850457912
656500 22077.60575615225 296.55597274668594
657000 22074.31144367514 295.65246717233794
657500 21975.175908911802 301.7245012547404
658000 21966.067446101286 307.4579929774754
658500 21976.558729041197 303.7826155097531
659000 21962.44705997763 297.0070121016468
659500 22018.58134876547 302.00091243009166
660000 21988.71787964163 327.1437655837546
660500 22045.44630657492 308.207096801274
661000 21954.78126751242 313.775172381397
661500 22005.12265621481 312.6622932270239
662000 22007.102476466276 307.6108677327615
662500 21995.673639643766 311.85378678421523
663000 21931.18432556448 310.8649447040918
663500 22068.360063899137 296.7154060717912
664000 22057.49236761389 296.16468646866434
664500 22019.77359901724 297.26610064220876
665000 21941.876191485502 303.0427487556615
665500 22042.96587144194 292.92445258553994
666000 22044.470578539946 293.82588044502165
666500 22017.80719982443 294.15145586130654
667000 21972.05787931738 316.626823519097
667500 22065.45939098654 294.69238767512326
668000 21973.082971919157 290.8615570830638
668500 21995.49874054251 302.4799884193936
669000 21992.705861437895 288.4608451694878
669500 21949.158197749235 282.4753491629039
670000 21958.195188153364 295.8945835360399
670500 21893.444439280607 293.0287889176233
671000 21956.7093070632 269.14953686062563
671500 21912.159959185698 291.5610460771626
672000 21922.112603533842 295.15036109054165
672500 22037.091244090177 295.57076040940126
673000 22115.323847163298 281.93289035382395
673500 22132.7217239028 284.3176063662001
674000 21934.753248561003 303.71319980704993
674500 22051.393559802153 301.24887977931274
675000 22022.803965437986 296.37536174956955
675500 21944.071510661222 299.9574172772711
676000 21913.39226471243 294.1689286923512
676500 21964.32867275534 296.0092583770364
677000 21885.028303492643 300.6970837696889
677500 21970.08514438925 295.28381046346294
678000 21980.74484096823 296.09414429404563
678500 21955.23070751486 297.5930528575015
679000 21977.334478724577 309.4945540698384
679500 21994.32804333029 299.6411540288209
680000 21908.169494975187 301.8150195313271
680500 21943.013153422453 314.405721294268
681000 22135.27681576071 304.47644711156516
681500 21939.055116999723 308.42140182501805
682000 21975.519924748518 285.27315494304355
682500 21917.994677413084 291.2650342904819
683000 21900.600271571257 291.0458979538559
683500 21880.646646845915 288.74146183999017
684000 21936.315080035307 287.6559184040995
684500 21952.907748568632 317.3702449178997
685000 21922.8718193656 275.9386579317177
685500 21913.684255946257 293.3112830413181
686000 22122.58331714926 288.1225281042033
686500 21952.251752246 292.93336423002694
687000 22004.605932582 307.11271681902406
687500 21939.925623286344 306.9902818381653
688000 21959.789809096434 307.7449429234137
688500 22038.422542203047 289.1042608949046
689000 22034.440979350187 283.1792689465369
689500 21956.505688059904 304.9940985057952
690000 21935.990455973722 294.8262876368108
690500 21912.16453610716 302.36904345207273
691000 21907.763970244505 303.2118447065306
691500 21947.416959632017 297.45917792852316
692000 21903.774771082975 307.4072016104416
692500 21982.441647875883 278.86177745427796
693000 21986.43704735098 294.91820774511444
693500 21977.915075648405 297.5342009580946
694000 22071.938073504545 269.4769146319753
694500 22002.7751563674 279.1926347722111
695000 21923.322795260527 278.05432238525714
695500 21926.585447657682 296.3581392456173
696000 21915.428791392424 290.31999945151625
696500 22006.68002544699 298.62314884244097
697000 21897.047927249052 293.08283453685743
697500 21955.487233508207 296.18836741159885
698000 21973.221197474577 296.0022992838696
698500 22058.868497241117 282.2449230744138
699000 22085.712694514372 289.2335548380932
699500 22002.921192455866 315.44700690023467
700000 22018.508292544462 313.9529296496608
700500 22011.224789012052 325.74934354863746
701000 22161.259842265226 289.2085972269879
701500 22130.979317892172 300.19114768337994
702000 21995.810658801176 312.92253327221056
702500 22040.097612250425 293.08013100426024
703000 21976.19767414389 294.8897205220073
703500 22021.481736529448 294.6330351215317
704000 21991.3282025939 290.0808119147946
704500 21967.632204402067 292.3678002303249
705000 21973.66761337576 292.1176984323776
705500 22027.356171000578 305.72447786308754
706000 22120.883600581266 303.17544714730576
706500 22014.068521845915 299.4521570741115
707000 22026.674257624723 292.5085841870515
707500 21992.871806490995 321.8546545153245
708000 21994.51660190878 322.40547424928826
708500 22046.0545199996 293.9842623963391
709000 21933.230642665007 307.32757256237124
709500 21944.933744776823 302.0519791569271
710000 22011.508520472624 301.1272708778586
710500 22018.44450603781 311.60766518703605
711000 22107.334188807585 288.86199433494727
711500 22064.326525080778 290.04504017330055
712000 22001.60664879141 300.6843421206893
712500 21894.975061762907 305.23984461233596
713000 21911.192706454374 297.7742396069302
713500 21992.04379116354 274.8125114414511
714000 21922.42557178793 297.2898066178525
714500 22025.46622024832 293.0005520216084
715000 21928.334568369963 304.2255692996317
715500 22017.462345469572 296.08177813568454
716000 21977.916397441008 298.77234378946986
716500 22075.86167942343 289.2574110099923
717000 22034.499459612944 297.73183419748943
717500 22049.27945362387 296.5509662048393
718000 22007.055660594084 290.59160434669474
718500 21959.935568202116 300.30734951963973
719000 22032.513458598234 304.03236684977117
719500 21909.405771601774 313.7086604729649
720000 21897.40854107199 299.60498176397914
720500 21898.628929007627 295.2350217131678
721000 21965.123684275724 288.2362767349582
721500 22020.244552958586 274.15597857639625
722000 21915.209450114347 305.710559676754
722500 22051.192523348906 312.55382649791716
723000 22017.129644740202 311.64518921817637
723500 21970.823337424375 295.27151940322955
724000 21927.97823749838 292.2453402167569
724500 21995.754000056364 296.71090018412923
725000 22021.114453662016 294.9432404543475
725500 21983.440680850126 273.8306534872036
726000 21972.881055701353 292.1900930274796
726500 21921.22257934866 297.88473398548484
727000 22023.0855992919 291.9933359329079
727500 21968.9208720809 303.0984965991234
728000 21898.265624392607 295.19627107927505
728500 21942.667993891813 291.18848426564733
729000 21932.853926051237 294.83985536521504
729500 21926.615522730925 303.13163990614794
730000 22032.45364223776 308.9344722334584
730500 22003.989061701872 292.0786724386833
731000 22027.382627833464 291.2495891088852
731500 21907.059510100462 299.95871897815124
732000 21914.55108391104 292.3473234741723
732500 22005.565075266935 280.74954412295983
733000 21976.93302570639 307.383295373124
733500 21927.604704964735 305.73066094226806
734000 21930.85674129782 303.4372392204649
734500 21968.82511364279 286.04150892024245
735000 21950.8732322341 295.3616121237593
735500 21976.057560313322 303.2907227733239
736000 21965.121572840788 304.86277691315865
736500 21995.36163746176 287.57676497750464
737000 21981.028046000578 292.3949106544243
737500 21957.712269175627 317.3782553848543
738000 22020.011045802214 306.7615329411938
738500 22016.391991007902 293.0304911418511
739000 22020.20291744528 289.9998311004257
739500 22103.8249238616 300.6633897430612
740000 22023.802879679777 315.7284746828509
740500 22094.391363490202 314.9411959774719
741000 22045.389855731108 327.0099156874855
741500 22143.52850376425 318.85873987431455
742000 21985.94162975607 300.4682097091712
742500 21931.787151206114 305.9805624785415
743000 21983.139044154264 286.82675997617355
743500 22025.83998524008 291.17161221962425
744000 21994.32799326239 295.1116855547766
744500 22005.95505880175 290.3986271912172
745000 21940.41036831198 280.46091698550293
745500 21806.55548988638 274.88425518611297
746000 21922.49795185385 302.0571358950291
746500 21918.194149363615 284.22758874379804
747000 21918.83081375418 269.7502968495093
747500 21946.889723170378 291.0101762777804
748000 21907.02367447672 301.42906522037214
748500 21961.21778212843 307.2470673694778
749000 21982.874048579313 309.56349415106615
749500 22070.653394091703 318.8524316315879
750000 21974.26196276007 324.2552913307729
750500 22075.881422865965 312.3860322479281
751000 22046.958002436735 298.3771524088079
751500 22087.87861667929 299.3479208728651
752000 21982.929684031584 305.68587742545014
752500 21924.717251170256 309.46581651963885
753000 22053.694549906828 293.61525522953485
753500 21936.658672679045 305.9057897760624
754000 22016.01049457846 287.6220741812164
754500 22040.881815302946 289.0624813031946
755000 21959.574421275236 300.74304382384076
755500 22002.121343005278 303.1369969059238
756000 21873.4448703414 296.9517398796603
756500 21854.249004710295 304.6877482102013
757000 21892.99940334616 315.6065403561768
757500 21975.462131846525 310.9717843070984
758000 22117.661653864958 280.26295832088806
758500 21976.661368716337 283.9710785722871
759000 21927.787769663908 290.57856230518433
759500 21942.68341289816 279.20194694004573
760000 21992.545721400358 295.55629150346465
760500 21911.743127215483 301.3033008891854
761000 21933.10192714987 276.76471230369873
761500 21988.640785563566 291.2834333317682
762000 22005.96642338095 318.3015868649149
762500 21855.744106639006 322.443899457961
763000 21903.80969654379 320.06804502465343
763500 22000.022415507414 308.1189315993553
764000 21952.631496775724 310.23131676798516
764500 21954.841541636564 295.856033163821
765000 21932.918748248198 290.6105791402934
765500 21893.741484034636 293.70374585667366
766000 21876.077874529936 312.6401142466434
766500 21964.493222582914 297.78785740075296
767000 21998.858883250334 284.88685017415935
767500 21933.673148501493 295.6467346819236
768000 21877.15919529257 291.5499065215539
768500 21783.312176097013 292.9143393710098
769000 21982.10662876425 294.2189440453988
769500 22038.181326258757 314.1273575675966
770000 21956.311474192717 317.31972891066744
770500 21974.39303146658 296.36740134803347
771000 21981.971449244596 310.31772968025757
771500 21986.467447627165 287.28523404577663
772000 21978.801946986296 302.6590223558282
772500 21932.230362284758 301.4289650895352
773000 21901.669878352262 298.5388887431626
773500 21961.656954157927 308.19120103091103
774000 21983.144647944548 309.09688445096236
774500 21970.76332699118 297.1683979780722
775000 21966.5981906539 306.16169916255177
775500 21987.73465763388 297.82958692704443
776000 21928.719580042936 302.80621468611844
776500 21996.40456615744 312.55900826872835
777000 22097.480522502043 315.88452859220973
777500 22051.26466213522 319.7488028838045
778000 21939.970478404142 320.22237167707505
778500 22000.22479282675 306.1136864262428
779000 21987.653297770597 305.10396706661896
779500 22090.400539744474 305.79892514034657
780000 21966.426193583586 302.78448629450423
780500 21982.31181751547 305.46316141140386
781000 21951.443483698942 301.2733868016519
781500 21880.946253169157 304.93960229779486
782000 21817.50238643942 294.18955564475925
782500 21942.63533817587 291.1493331084068
783000 21888.956659663298 312.321147465596
783500 22011.27430568991 288.42004185343797
784000 21958.763935435392 312.07172155079803
784500 22069.968992579557 297.3802247636022
785000 21873.28238331137 312.5614114088147
785500 21856.182817805387 300.5911703769239
786000 21946.175033915617 307.7915037625871
786500 21982.73620449362 280.3469430603649
787000 21813.776861537077 288.8932601887793
787500 21855.412130702116 297.3002953230211
788000 21861.456299174406 284.7096185927894
788500 22014.372688639738 278.7802959857245
789000 21868.505266535856 314.7206828418381
789500 22050.364007342436 288.4568149033013
790000 21950.104434359648 310.7976067162549
790500 22003.664050448515 303.18701225897144
791000 21880.631974566557 297.24114303110343
791500 21849.714193690397 301.9671433053363
792000 21870.750107157804 282.71243395205
792500 21942.96296678839 297.92403533898073
793000 21898.78525101004 299.5032488336561
793500 21917.105898249723 297.9117693114565
794000 21932.097484934904 292.8111545435512
794500 21841.95350109396 311.1576271404445
795000 21917.130531657316 291.8475704670439
795500 21844.512944567778 291.7123187390578
796000 22007.593998301603 289.5478154698048
796500 21886.478720057585 295.93473600164964
797000 21939.57572780905 288.9359409580216
797500 21908.83724151907 288.22310952990165
798000 21879.93388973532 295.37680697826374
798500 21939.91446720419 291.90599681039384
799000 21840.78386818228 301.1740069459967
799500 21872.073227274992 297.0522962726494
800000 22038.662119258024 280.9394672879109
800500 21898.386735308744 313.7891656658583
801000 21886.61359058676 281.19425020248474
801500 21992.742194522 266.09587175941505
802000 21978.818013537504 275.20021804205237
802500 21829.23426281271 287.95045326093543
803000 21945.25173031149 283.7835835801317
803500 21979.085085261442 286.9427865834687
804000 21948.612886775114 309.628679325909
804500 21858.498023379423 323.77814286008186
805000 21966.39347111044 303.929557512951
805500 21992.944988597013 282.83692161506593
806000 21985.933458674528 298.63541486996513
806500 21969.20393596945 297.05925536581617
807000 22065.147645342924 289.6160296024648
807500 21937.729272235014 300.85105996418133
808000 21937.6216281539 287.03140237415363
808500 21931.51652466116 277.6980568674526
809000 21871.763737071135 288.09744532955176
809500 21838.74354206381 266.6791589172541
810000 21818.166248667814 280.98690427190746
810500 21775.20908211527 295.57035988605355
811000 21886.26401459036 275.03547778258974
811500 21761.519760954954 289.94070384121727
812000 21892.313126910307 297.93437384789394
812500 21903.271871913053 309.37194386001494
813000 21907.918592322447 307.67299891707796
813500 21985.32481466589 295.92797717015674
814000 22073.41593204794 288.92923219194716
814500 22039.37286125479 298.12054210646005
815000 22045.93840156851 300.6823895693691
815500 21989.82258163748 302.1393182794411
816000 21982.103826869108 327.4548720941027
816500 21998.720434535124 302.5712076118387
817000 22025.04777466116 284.1834811101295
817500 21973.587715495207 301.1350310177209
818000 21905.405412066557 298.33447163956555
818500 21915.54963241873 290.09155094705557
819000 21862.736908305265 298.1919604259019
819500 21954.075715411283 292.82557338406946
820000 21947.124038088896 294.5298502940731
820500 22060.480725634672 295.69572369389266
821000 21989.500172007658 310.65637217076215
821500 22049.399963725187 317.72978972061384
822000 21973.92117916403 311.2021352974608
822500 21916.69991909323 288.2237603803417
823000 21910.11079345999 288.88950528239434
823500 22034.00952946005 295.83753399169774
824000 21950.97124038992 312.60304080426926
824500 21836.46073185263 317.4729040584644
825000 21982.595507968046 283.6687084774613
825500 21850.785335887052 298.37552528270777
826000 21918.78343998251 281.5367727629204
826500 21921.555965769865 308.3633009068882
827000 21992.343574870207 302.76956679980134
827500 21933.961336482145 281.39058174099944
828000 21899.003680575468 280.08199686584237
828500 21903.64979730902 292.4586439321316
829000 21929.79253135977 287.89110070734387
829500 21863.156925547697 295.0939373639304
830000 21922.63677822409 281.0869349780027
830500 21996.418656695463 261.4528298835805
831000 21846.420545447447 319.8729651216004
831500 21932.311484683134 300.4411243177811
832000 21977.539629328825 287.42341460074306
832500 21967.419198144056 283.45007279501993
833000 22038.76400982199 296.57517283466774
833500 21972.69903122244 302.9485006053991
834000 21941.79164348898 292.7335531449288
834500 21852.61205993948 290.4837384026096
835000 21866.239667285063 291.31319722304625
835500 22039.674618113615 283.27719690505654
836000 21885.037563670256 317.0537313423572
836500 21956.062380183317 304.95627408214403
837000 21953.666941035368 292.0214726980858
837500 22005.12686954794 307.28256375117024
838000 22001.92615925131 319.8612247809701
838500 21924.36035381613 308.6499003948972
839000 21989.794948447325 321.7684919301444
839500 22070.36542259512 286.76302669846626
840000 22016.928539622404 319.68694705928965
840500 22105.509020197966 319.01191502211157
841000 22020.28598247824 311.5312152930383
841500 21987.808056223967 314.4656496001719
842000 21875.955965865232 316.1457949784749
842500 21993.804021227934 284.39768600303654
843000 21957.385426867582 292.4655529598799
843500 21876.463318217375 310.5515351844941
844000 21887.738580096342 291.62600595762234
844500 21910.83163391409 293.1299961610525
845000 21967.235272753813 300.174926487797
845500 21850.66665684042 305.07127434836065
846000 21850.74232040701 291.9493284300762
846500 21829.90719162283 290.9438145656036
847000 21870.65806423483 275.5369079812367
847500 21939.69626938162 268.9878255589802
848000 21898.102894175627 293.637183882823
848500 21833.011649478056 287.48624670091795
849000 21812.162948001005 297.6651971255111
849500 21916.849481928923 286.49825573290843
850000 21851.062784541227 301.76675646792586
850500 21847.35837875662 293.9384525384426
851000 21820.403442967512 300.55254490657734
851500 21943.867385256865 285.64604217977893
852000 21922.152672160246 307.661083347483
852500 21937.256053317167 300.91684592404573
853000 21888.47039638815 304.429911305101
853500 21799.492638934233 305.2995225911475
854000 21865.74286400137 302.2187220331283
854500 21945.545374262907 293.2639712208677
855000 21957.652089703657 302.5698308128309
855500 21969.2065185195 306.72924074628315
856000 21948.54313217459 307.5211254701611
856500 22018.971415865995 296.0241027736116
857000 21900.420352328398 305.9283692797906
857500 21919.524929392912 286.324403567285
858000 21914.04929481802 302.5109538807148
858500 21898.01464878378 303.4306806506458
859000 21884.14767109213 305.3505392525644
859500 21906.075222361662 293.13462721226057
860000 21832.34046875296 306.0695287271557
860500 21849.58379017172 287.8763814743148
861000 21899.90490471182 271.54919740041385
861500 21840.50555645285 305.7701875901471
862000 22003.38766704855 298.333119873267
862500 21970.37630783377 295.68213093277905
863000 21998.695707667448 303.2878940771806
863500 21950.79551159201 292.8066987213078
864000 21920.684843409636 289.40495379821186
864500 21982.97479759512 270.75413352246335
865000 22008.97448574362 282.0156234578391
865500 22038.158350337126 279.3290380048219
866000 21880.598552096464 302.76703849616877
866500 21840.427450526335 292.3751348141302
867000 21855.492004740812 286.619589274561
867500 21869.64856373129 298.85592800559897
868000 21921.864685404875 296.44455215788975
868500 21974.947005618193 314.0017934980837
869000 21980.56548725424 302.68623291076455
869500 21964.9782210475 303.92024534511637
870000 21913.780206072905 303.5472329448349
870500 21893.28284775076 296.97068964054967
871000 21977.25290809927 288.2542752528968
871500 21960.492804873564 314.9541629208546
872000 21925.027578700163 296.56480929304524
872500 22018.177750933744 285.399419928415
873000 21993.57801662741 297.9481168052629
873500 21878.08212887106 305.7383960494211
874000 21896.124534953215 284.9654779138603
874500 21889.02890335379 298.7770249060964
875000 21852.5905860549 313.67696906307583
875500 21849.318315852262 291.6297858967165
876000 21885.70731388388 281.56696221025544
876500 21864.86781536398 274.69468247909117
877000 21876.561151850798 297.5652665502528
877500 21964.23038898764 297.5204580007257
878000 21890.136207926847 321.0339821758286
878500 22008.890415061094 299.3044140242181
879000 21994.264782298185 297.1477209602457
879500 21993.219322074034 293.88383116689613
880000 21980.180982459166 301.4684166392865
880500 21970.258155692198 300.32041659385936
881000 21952.80673538504 299.97746847736676
881500 21923.86182342825 294.6065505151632
882000 22005.054929125883 295.99967084940016
882500 22010.49602733908 294.6206439304613
883000 22130.29366051016 298.38090731519287
883500 22077.909627307035 299.7821632799306
884000 22098.592533457853 311.3855749907205
884500 22062.467398989775 323.7914852941031
885000 22026.23429523764 309.55878800173036
885500 21993.146606791594 309.30570731138437
886000 21984.092199671843 306.8028369114283
886500 21991.694256890394 290.2407458940845
887000 21977.635340679266 288.7529768862374
887500 21936.334670174696 306.5539867489427
888000 22000.52493797598 279.3362223923718
888500 21933.53389357386 277.51156318366645
889000 21845.94017206488 289.93412023868905
889500 21876.730812419035 300.75057866931985
890000 22028.414605486967 299.1884875477599
890500 21980.298921931364 314.2239337598177
891000 22011.579104769804 325.8669472166142
891500 22027.511470187284 305.048219223157
892000 22020.625573504545 305.3243300059974
892500 21932.725661147215 322.91499001301753
893000 21941.060314524748 300.24156355977533
893500 21977.11522136984 301.196060762831
894000 21914.504476416685 300.5761006859656
894500 21931.25579773245 300.7494021319859
895000 21856.022934306242 310.1809008915898
895500 22018.08667122183 271.92699104815887
896000 21952.822794306852 301.09062299154147
896500 21934.01678978262 291.8709510174676
897000 21986.20013223944 299.93729097904776
897500 21934.75027071295 305.33937466424646
898000 21987.828208315947 301.856473697817
898500 22090.676821101286 295.1550672398775
899000 21930.726780284025 294.4617613249593
899500 21893.53504597006 295.6989278806745
900000 22002.561977732756 279.1472504703716
900500 22025.50062500296 291.4030396164837
901000 21969.236744273283 302.3544994480083
901500 21924.12800060568 319.84219992195295
902000 21966.07031642256 302.8033609572659
902500 21999.45626007376 282.6425926932898
903000 21885.659929860212 302.4624905556396
903500 21919.244446147062 306.05716256879464
904000 22002.272448647596 292.72942274790535
904500 21958.415686953642 285.77340860435663
905000 21852.481116641142 294.0189076659176
905500 21784.886215556242 279.1380134006646
906000 21857.452229846098 294.3284371155841
906500 21911.69028680382 297.79837113863084
907000 21966.312557089903 315.1443864783165
907500 21970.781248438932 320.3033775241532
908000 21967.75866543112 299.0383663904894
908500 21857.104449618437 299.6138433430476
909000 21934.67440925894 307.3255949783418
909500 22057.86514412222 317.16963278610615
910000 22085.293030131437 304.0422798026274
910500 22082.333139527418 310.2461611645603
911000 22024.465804446318 300.0156683916564
911500 22031.568137515165 286.2455255004917
912000 21947.27168976126 304.54799059455326
912500 21924.947649944403 287.4167058346686
913000 21900.881536830046 316.77158767659165
913500 21945.876719821073 292.3976642524399
914000 21956.44392858801 297.2483023859441
914500 21893.786598551847 300.717185035203
915000 21922.10006462393 289.6393100220515
915500 21895.914221156218 281.5295132772428
916000 21804.643015254118 301.5041132826528
916500 21821.33793960867 297.213056331344
917000 21903.604861128904 300.1816853192899
917500 21892.330487597563 304.69267965392015
918000 21841.908001292326 287.2815292048102
918500 21919.694607127287 289.1721496023446
919000 22013.42899833975 275.5633425221868
919500 21885.900404084303 306.42564404870495
920000 21869.60060154257 303.940722101269
920500 21857.14322315512 304.10626340742704
921000 21906.762451518156 283.23769528988686
921500 21912.69333635626 300.0724175434877
922000 21963.690523493864 299.46322153159247
922500 21894.54323421774 297.1598367915145
923000 21954.196562159636 290.6524838955495
923500 21873.996935237028 299.26628920805615
924000 21975.49117122946 308.7211935507929
924500 21912.769332755186 295.6887896334351
925000 21857.640792239286 294.51137615465916
925500 21869.68568168936 306.0664747366293
926000 21926.021343577482 276.036010137925
926500 21853.313335764982 309.9301732759117
927000 21897.376098979094 302.15926934869987
927500 21892.206604350187 284.1682361902065
928000 21836.373321879484 277.7748572193795
928500 21877.41879307089 291.4630430205152
929000 21837.866225588896 301.37582064783345
929500 21898.561165202238 294.79289400269386
930000 21966.538288462736 317.5516068962931
930500 21961.241507876493 330.15510037365203
931000 21890.352474558927 293.1851932849113
931500 21874.586935389616 295.51168321561136
932000 22018.19299923239 287.03936277568977
932500 21920.505407679655 286.6271241200401
933000 21783.34691177664 310.34421428662614
933500 21875.179239619352 299.03518723641673
934000 21945.44175754843 292.3160075549218
934500 21941.535095561125 301.5505489582801
935000 21920.684285986998 299.6580511075532
935500 21955.444012034513 282.187047450667
936000 21888.421957362272 293.6552574988893
936500 21946.189737666227 298.2924667534725
937000 21849.84309421835 312.37827210806586
937500 21896.793608058073 297.594504754637
938000 21865.09652935324 292.6978565015625
938500 21841.365211833097 294.7932194279139
939000 21992.345987666227 276.27031629634627
939500 21916.4580520278 292.4454266616566
940000 21854.693884242155 293.783700329964
940500 22005.040199626066 285.7378621572457
941000 21936.53835998831 311.91501679099923
941500 22014.45291744528 299.8696525987001
942000 21959.73258863745 318.2021819765505
942500 21934.296997416594 308.3222222310368
943000 21952.507129061796 294.58159290405786
943500 21830.542225230314 309.149052617004
944000 21923.673727381803 294.60599979556
944500 21988.964851725676 300.2002595895408
945000 21929.974064219572 301.0240359849816
945500 21947.238430011847 299.31988423852414
946000 21865.295639384367 291.55621476428064
946500 21898.089975703337 295.48822756706
947000 21881.644567835905 294.6756157599371
947500 21958.154198992826 296.98375671476936
948000 21909.11222301779 291.4229406203239
948500 21953.877426493742 290.53312793792634
949000 21982.775468695738 305.2382174862357
949500 22026.81938682852 286.8226295791501
950000 21901.09273229895 298.3464873399974
950500 22032.84621893225 280.6923694150716
951000 21856.931719172575 311.57602384256546
951500 22013.28970371542 288.40006575147
952000 21896.916956294157 321.02687288640647
952500 22001.807038176634 287.69542001926925
953000 21917.51734863577 321.9801434867097
953500 22001.76776157675 299.70951835773633
954000 21951.803529847242 298.686106106162
954500 21935.160773623564 314.8403892573905
955000 22018.342556346037 299.21997869597504
955500 22029.872405398466 314.811126020297
956000 21915.94824634848 319.25545825023977
956500 21964.175512660124 307.7335780734219
957000 21965.912212718107 299.823992937059
957500 21973.36371623335 280.10405068267676
958000 21979.336207259275 301.9451896193389
958500 21985.846642840483 293.8427274583355
959000 22071.34367309866 306.8426138863996
959500 21982.118465769865 308.5537998241516
960000 21977.002689707853 318.16328114640237
960500 21957.546802867033 320.1244437185554
961000 21985.593660700895 294.2417738762194
961500 21974.711292613127 292.3763614168826
962000 21993.412372935392 301.6923091906668
962500 21954.120873797514 297.037752268585
963000 21937.35637699423 274.13650312861296
963500 21864.42221962271 300.8639768421456
964000 21943.715972292997 299.70774103538076
964500 21982.829826224424 291.50614934581455
965000 22020.489312518217 309.2574943134015
965500 21929.95509563742 313.3660628144015
966000 21925.274125445463 302.2710153627161
966500 21943.340132105925 285.0314140699801
967000 21971.745825160124 274.9102391382969
967500 21981.97622715292 296.8184907684128
968000 21983.512136328794 296.3581642783265
968500 21987.550592768766 323.86392995462353
969000 21921.488342631437 307.32917465576213
969500 21967.9812611228 287.78135731006626
970000 22000.02297006903 291.34789255804327
970500 21912.05107199011 285.3131822451072
971000 21926.84318195639 307.25082227586273
971500 21893.32378994284 303.5179446750322
972000 21949.519330371 300.3407681864658
972500 21880.37592350302 287.45515607605057
973000 21913.160303462126 301.40087838977576
973500 21940.380189288237 295.2618818101749
974000 21993.41844593344 298.61866798748827
974500 21995.892327654936 306.9064973603623
975000 21963.060956347563 307.97016220838333
975500 21938.08899532614 323.3448516959673
976000 21944.486292231657 285.5125427414391
976500 21892.60615574179 301.340649691361
977000 21896.69998298941 287.0413653924284
977500 21855.876749384977 315.5946247865819
978000 21946.650875437834 308.0582773448836
978500 21953.414938319303 312.2826221260864
979000 21966.49072634039 305.62189382065054
979500 21979.094173777677 297.79111165295325
980000 21890.411326754667 286.9227103506638
980500 21875.186586726286 287.89560659500586
981000 21945.49914966879 287.305360344
981500 21842.163530696012 290.59791258942147
982000 21986.52331863699 321.2608786523169
982500 21941.864049780943 305.5788375607697
983000 21869.56847893057 291.3989592848787
983500 21939.13557182608 273.16235524880926
984000 21820.853813517668 267.9800086852581
984500 22002.15268646536 285.6885477200566
985000 21969.142366755583 285.8133357755833
985500 22001.139649737455 318.2254874288464
986000 21866.29966245947 315.87474080289957
986500 22030.934750903227 297.68389655930815
987000 22009.172985423185 296.8441743280859
987500 21963.02371345816 307.70877065857195
988000 21838.746043074705 310.04502334587283
988500 21916.87636648474 306.2160201415874
989000 21994.426755774595 290.77932463323333
989500 21865.628543246366 305.2243743980299
990000 21900.16970955191 305.33854858484176
990500 21803.734250414946 289.57114595481
991000 21858.21269642172 305.4711468456492
991500 21917.914342272856 293.88388123231465
992000 21889.08520828543 288.62761307839827
992500 21796.789077628233 281.4871078678021
993000 21903.005973685362 286.3856085413598
993500 21819.295042384245 296.63835539277187
994000 21846.62717365084 306.35818089732186
994500 21914.466358531095 293.9203288569579
995000 21901.302614439108 302.068625908567
995500 21953.385725367643 309.06694533071965
996000 21936.112552989103 296.796161591777
996500 21898.10695396719 310.0258482906004
997000 21935.853758204557 316.0455139452873
997500 22022.80660950003 298.1271757744068
998000 21957.810623515226 304.0058822434026
998500 21915.65197025595 298.99463424745926
999000 21901.12631450949 303.0615983857139
999500 21930.773659098722 314.8049429411165
1000000 21861.860900271513 303.2373029718206
