D:\research\degradation_prognostics\Battery_Design_Agent\bo_baseline.py:207: DeprecationWarning: The `AxClient` class is deprecated and will be removed in Ax 1.4.0. Please migrate to the modern Ax API / `Client` class, found under ax/api. For example usage, check out the tutorials at https://ax.dev 
  client = AxClient(random_seed=seed)
[WARNING 09-09 14:00:34] ax.service.ax_client: Random seed set to 1234. Note that this setting only affects the Sobol quasi-random generator and BoTorch-powered Bayesian optimization models. For the latter models, setting random seed to the same number for two optimizations will make the generated trials similar, but not exactly the same, and over time the trials will diverge more.
[INFO 09-09 14:00:34] ax.generation_strategy.dispatch_utils: Using Generators.BOTORCH_MODULAR since there is at least one ordered parameter and there are no unordered categorical parameters.
[INFO 09-09 14:00:34] ax.generation_strategy.dispatch_utils: Using Bayesian Optimization generation strategy: GenerationStrategy(name='GenerationStep_0_Sobol+GenerationStep_1_BoTorch', nodes=[GenerationNode(name='GenerationStep_0_Sobol', generator_specs=[GeneratorSpec(generator_enum=Sobol, generator_key_override=None)], transition_criteria=[MinTrials(transition_to='GenerationStep_1_BoTorch'), MinTrials(transition_to='GenerationStep_1_BoTorch')], suggested_experiment_status=ExperimentStatus.INITIALIZATION, pausing_criteria=[MaxTrialsAwaitingData(threshold=20)]), GenerationNode(name='GenerationStep_1_BoTorch', generator_specs=[GeneratorSpec(generator_enum=BoTorch, generator_key_override=None)], transition_criteria=None, suggested_experiment_status=ExperimentStatus.OPTIMIZATION, pausing_criteria=[MaxGenerationParallelism(threshold=3)])]). Iterations after 20 will take longer to generate due to model-fitting.
[INFO 09-09 14:00:34] ax.service.ax_client: Generated new trial 0 with parameters {'pos_thickness': 60.157198, 'neg_thickness': 97.910688, 'pos_porosity': 0.201312, 'neg_porosity': 0.419504, 'sep_thickness': 15.675293, 'sep_porosity': 0.329302, 'pos_cc': 13.418164, 'neg_cc': 11.320062, 'h_heat': 18.080267, 'neg_rp': 3.947076} using model Sobol.
[INFO 09-09 14:00:41] ax.service.ax_client: Completed trial 0 with data: {'objective': 288.2436}.
trial 1/50: objective=288.2436 ED=388.2436 T_max=332.5877 plated=True
[INFO 09-09 14:00:41] ax.service.ax_client: Generated new trial 1 with parameters {'pos_thickness': 88.602108, 'neg_thickness': 126.98317, 'pos_porosity': 0.368613, 'neg_porosity': 0.317841, 'sep_thickness': 8.751417, 'sep_porosity': 0.480665, 'pos_cc': 16.283116, 'neg_cc': 16.579538, 'h_heat': 60.861317, 'neg_rp': 5.668901} using model Sobol.
[INFO 09-09 14:00:45] ax.service.ax_client: Completed trial 1 with data: {'objective': 313.1612}.
trial 2/50: objective=313.1612 ED=449.5421 T_max=325.5511 plated=True
[INFO 09-09 14:00:45] ax.service.ax_client: Generated new trial 2 with parameters {'pos_thickness': 78.733945, 'neg_thickness': 62.971325, 'pos_porosity': 0.324354, 'neg_porosity': 0.330261, 'sep_thickness': 13.263583, 'sep_porosity': 0.599229, 'pos_cc': 10.545275, 'neg_cc': 19.270545, 'h_heat': 88.964897, 'neg_rp': 4.378877} using model Sobol.
[INFO 09-09 14:00:50] ax.service.ax_client: Completed trial 2 with data: {'objective': 190.0597}.
trial 3/50: objective=190.0597 ED=290.0597 T_max=323.2868 plated=True
[INFO 09-09 14:00:50] ax.service.ax_client: Generated new trial 3 with parameters {'pos_thickness': 69.283759, 'neg_thickness': 137.741619, 'pos_porosity': 0.405725, 'neg_porosity': 0.228374, 'sep_thickness': 17.184712, 'sep_porosity': 0.445883, 'pos_cc': 19.504542, 'neg_cc': 8.076987, 'h_heat': 46.139099, 'neg_rp': 2.225353} using model Sobol.
[INFO 09-09 14:00:56] ax.service.ax_client: Completed trial 3 with data: {'objective': 309.089}.
trial 4/50: objective=309.089 ED=409.089 T_max=325.8038 plated=True
[INFO 09-09 14:00:56] ax.service.ax_client: Generated new trial 4 with parameters {'pos_thickness': 67.366341, 'neg_thickness': 72.76272, 'pos_porosity': 0.344975, 'neg_porosity': 0.249924, 'sep_thickness': 18.5123, 'sep_porosity': 0.367539, 'pos_cc': 8.495632, 'neg_cc': 17.731591, 'h_heat': 79.006023, 'neg_rp': 5.270113} using model Sobol.
[INFO 09-09 14:01:01] ax.service.ax_client: Completed trial 4 with data: {'objective': 242.4193}.
trial 5/50: objective=242.4193 ED=342.4193 T_max=322.7816 plated=True
[INFO 09-09 14:01:01] ax.service.ax_client: Generated new trial 5 with parameters {'pos_thickness': 83.068738, 'neg_thickness': 144.769951, 'pos_porosity': 0.256195, 'neg_porosity': 0.367426, 'sep_thickness': 11.936359, 'sep_porosity': 0.5186, 'pos_cc': 17.454177, 'neg_cc': 10.920754, 'h_heat': 33.24628, 'neg_rp': 3.11097} using model Sobol.
[INFO 09-09 14:01:06] ax.service.ax_client: Completed trial 5 with data: {'objective': 300.9322}.
trial 6/50: objective=300.9322 ED=440.6241 T_max=328.2032 plated=True
[INFO 09-09 14:01:06] ax.service.ax_client: Generated new trial 6 with parameters {'pos_thickness': 99.991986, 'neg_thickness': 85.284481, 'pos_porosity': 0.428963, 'neg_porosity': 0.284694, 'sep_thickness': 10.423644, 'sep_porosity': 0.562447, 'pos_cc': 11.716342, 'neg_cc': 13.682256, 'h_heat': 27.64269, 'neg_rp': 2.842464} using model Sobol.
[INFO 09-09 14:01:10] ax.service.ax_client: Completed trial 6 with data: {'objective': 303.2085}.
trial 7/50: objective=303.2085 ED=403.2085 T_max=325.0667 plated=True
[INFO 09-09 14:01:10] ax.service.ax_client: Generated new trial 7 with parameters {'pos_thickness': 52.796021, 'neg_thickness': 111.582911, 'pos_porosity': 0.269864, 'neg_porosity': 0.401992, 'sep_thickness': 14.002698, 'sep_porosity': 0.408837, 'pos_cc': 14.582016, 'neg_cc': 14.418385, 'h_heat': 73.44712, 'neg_rp': 4.558183} using model Sobol.
[INFO 09-09 14:01:17] ax.service.ax_client: Completed trial 7 with data: {'objective': 222.595}.
trial 8/50: objective=222.595 ED=322.595 T_max=326.5689 plated=True
[INFO 09-09 14:01:17] ax.service.ax_client: Generated new trial 8 with parameters {'pos_thickness': 53.496169, 'neg_thickness': 69.191957, 'pos_porosity': 0.441967, 'neg_porosity': 0.376889, 'sep_thickness': 8.352726, 'sep_porosity': 0.424655, 'pos_cc': 8.814386, 'neg_cc': 18.284779, 'h_heat': 83.318051, 'neg_rp': 2.396244} using model Sobol.
[INFO 09-09 14:01:21] ax.service.ax_client: Completed trial 8 with data: {'objective': 271.2137}.
trial 9/50: objective=271.2137 ED=371.2137 T_max=329.7423 plated=True
[INFO 09-09 14:01:21] ax.service.ax_client: Generated new trial 9 with parameters {'pos_thickness': 93.801725, 'neg_thickness': 132.937544, 'pos_porosity': 0.288109, 'neg_porosity': 0.244237, 'sep_thickness': 16.448614, 'sep_porosity': 0.573581, 'pos_cc': 17.866658, 'neg_cc': 10.00333, 'h_heat': 40.535603, 'neg_rp': 4.235335} using model Sobol.
[INFO 09-09 14:01:26] ax.service.ax_client: Completed trial 9 with data: {'objective': 347.5404}.
trial 10/50: objective=347.5404 ED=471.6666 T_max=327.8306 plated=True
[INFO 09-09 14:01:26] ax.service.ax_client: Generated new trial 10 with parameters {'pos_thickness': 85.737163, 'neg_thickness': 102.719647, 'pos_porosity': 0.334548, 'neg_porosity': 0.403632, 'sep_thickness': 17.958216, 'sep_porosity': 0.464104, 'pos_cc': 11.961921, 'neg_cc': 13.146613, 'h_heat': 23.682396, 'neg_rp': 5.968717} using model Sobol.
[INFO 09-09 14:01:31] ax.service.ax_client: Completed trial 10 with data: {'objective': 362.3723}.
trial 11/50: objective=362.3723 ED=462.3723 T_max=330.187 plated=True
[INFO 09-09 14:01:31] ax.service.ax_client: Generated new trial 11 with parameters {'pos_thickness': 63.938028, 'neg_thickness': 120.756283, 'pos_porosity': 0.23537, 'neg_porosity': 0.271206, 'sep_thickness': 12.86544, 'sep_porosity': 0.317737, 'pos_cc': 15.108867, 'neg_cc': 15.318198, 'h_heat': 66.509531, 'neg_rp': 3.682426} using model Sobol.
[INFO 09-09 14:01:36] ax.service.ax_client: Completed trial 11 with data: {'objective': 222.907}.
trial 12/50: objective=222.907 ED=335.0613 T_max=325.1951 plated=True
[INFO 09-09 14:01:36] ax.service.ax_client: Generated new trial 12 with parameters {'pos_thickness': 74.424103, 'neg_thickness': 90.142875, 'pos_porosity': 0.296579, 'neg_porosity': 0.300558, 'sep_thickness': 11.209498, 'sep_porosity': 0.387874, 'pos_cc': 12.89168, 'neg_cc': 11.849627, 'h_heat': 10.790904, 'neg_rp': 4.820891} using model Sobol.
[INFO 09-09 14:01:41] ax.service.ax_client: Completed trial 12 with data: {'objective': 327.7123}.
trial 13/50: objective=327.7123 ED=427.7123 T_max=332.1684 plated=True
[INFO 09-09 14:01:41] ax.service.ax_client: Generated new trial 13 with parameters {'pos_thickness': 77.472385, 'neg_thickness': 105.328562, 'pos_porosity': 0.40225, 'neg_porosity': 0.448621, 'sep_thickness': 19.613793, 'sep_porosity': 0.536534, 'pos_cc': 16.037905, 'neg_cc': 15.685366, 'h_heat': 56.549249, 'neg_rp': 2.544606} using model Sobol.
[INFO 09-09 14:01:46] ax.service.ax_client: Completed trial 13 with data: {'objective': 368.0506}.
trial 14/50: objective=368.0506 ED=468.0506 T_max=327.6597 plated=True
[INFO 09-09 14:01:46] ax.service.ax_client: Generated new trial 14 with parameters {'pos_thickness': 92.592046, 'neg_thickness': 79.0218, 'pos_porosity': 0.228216, 'neg_porosity': 0.203289, 'sep_thickness': 15.104374, 'sep_porosity': 0.502341, 'pos_cc': 10.133163, 'neg_cc': 18.711645, 'h_heat': 95.902526, 'neg_rp': 3.25257} using model Sobol.
[INFO 09-09 14:01:51] ax.service.ax_client: Completed trial 14 with data: {'objective': 202.3061}.
trial 15/50: objective=202.3061 ED=302.3061 T_max=322.3622 plated=True
[INFO 09-09 14:01:51] ax.service.ax_client: Generated new trial 15 with parameters {'pos_thickness': 58.538475, 'neg_thickness': 139.905451, 'pos_porosity': 0.372958, 'neg_porosity': 0.351553, 'sep_thickness': 9.697333, 'sep_porosity': 0.355672, 'pos_cc': 19.186156, 'neg_cc': 9.000417, 'h_heat': 50.099433, 'neg_rp': 5.101179} using model Sobol.
[INFO 09-09 14:01:56] ax.service.ax_client: Completed trial 15 with data: {'objective': 253.3614}.
trial 16/50: objective=253.3614 ED=367.3594 T_max=326.291 plated=True
[INFO 09-09 14:01:56] ax.service.ax_client: Generated new trial 16 with parameters {'pos_thickness': 57.667114, 'neg_thickness': 79.738569, 'pos_porosity': 0.285608, 'neg_porosity': 0.286611, 'sep_thickness': 17.738877, 'sep_porosity': 0.532366, 'pos_cc': 16.824839, 'neg_cc': 19.125176, 'h_heat': 41.231408, 'neg_rp': 3.15691} using model Sobol.
[INFO 09-09 14:02:01] ax.service.ax_client: Completed trial 16 with data: {'objective': 222.9354}.
trial 17/50: objective=222.9354 ED=322.9354 T_max=325.7565 plated=True
[INFO 09-09 14:02:01] ax.service.ax_client: Generated new trial 17 with parameters {'pos_thickness': 91.971408, 'neg_thickness': 143.483995, 'pos_porosity': 0.444471, 'neg_porosity': 0.388349, 'sep_thickness': 13.834776, 'sep_porosity': 0.381312, 'pos_cc': 13.971041, 'neg_cc': 9.336312, 'h_heat': 88.225145, 'neg_rp': 5.442956} using model Sobol.
[INFO 09-09 14:02:06] ax.service.ax_client: Completed trial 17 with data: {'objective': 396.3527}.
trial 18/50: objective=396.3527 ED=562.4127 T_max=325.65 plated=True
[INFO 09-09 14:02:06] ax.service.ax_client: Generated new trial 18 with parameters {'pos_thickness': 75.072021, 'neg_thickness': 92.172348, 'pos_porosity': 0.240683, 'neg_porosity': 0.259655, 'sep_thickness': 9.322062, 'sep_porosity': 0.337644, 'pos_cc': 19.700002, 'neg_cc': 12.310588, 'h_heat': 71.415809, 'neg_rp': 4.729105} using model Sobol.
[INFO 09-09 14:02:11] ax.service.ax_client: Completed trial 18 with data: {'objective': 289.9559}.
trial 19/50: objective=289.9559 ED=389.9559 T_max=323.819 plated=True
[INFO 09-09 14:02:11] ax.service.ax_client: Generated new trial 19 with parameters {'pos_thickness': 72.262447, 'neg_thickness': 110.209145, 'pos_porosity': 0.329241, 'neg_porosity': 0.361594, 'sep_thickness': 16.229275, 'sep_porosity': 0.491257, 'pos_cc': 10.753018, 'neg_cc': 15.974941, 'h_heat': 24.378932, 'neg_rp': 2.89026} using model Sobol.
[INFO 09-09 14:02:16] ax.service.ax_client: Completed trial 19 with data: {'objective': 319.8887}.
trial 20/50: objective=319.8887 ED=419.8887 T_max=327.7301 plated=True
[INFO 09-09 14:02:19] ax.service.ax_client: Generated new trial 20 with parameters {'pos_thickness': 89.733965, 'neg_thickness': 121.865676, 'pos_porosity': 0.45, 'neg_porosity': 0.45, 'sep_thickness': 20.0, 'sep_porosity': 0.430715, 'pos_cc': 11.672718, 'neg_cc': 10.97363, 'h_heat': 59.570001, 'neg_rp': 3.124464} using model BoTorch.
[INFO 09-09 14:02:23] ax.service.ax_client: Completed trial 20 with data: {'objective': 469.3168}.
trial 21/50: objective=469.3168 ED=587.1146 T_max=328.2034 plated=True
[INFO 09-09 14:02:25] ax.service.ax_client: Generated new trial 21 with parameters {'pos_thickness': 91.944354, 'neg_thickness': 117.13542, 'pos_porosity': 0.45, 'neg_porosity': 0.45, 'sep_thickness': 20.0, 'sep_porosity': 0.323034, 'pos_cc': 8.0, 'neg_cc': 8.92674, 'h_heat': 41.0982, 'neg_rp': 2.0} using model BoTorch.
[INFO 09-09 14:02:30] ax.service.ax_client: Completed trial 21 with data: {'objective': 527.9252}.
trial 22/50: objective=527.9252 ED=627.9252 T_max=327.8499 plated=True
[INFO 09-09 14:02:31] ax.service.ax_client: Generated new trial 22 with parameters {'pos_thickness': 95.796448, 'neg_thickness': 114.712757, 'pos_porosity': 0.45, 'neg_porosity': 0.45, 'sep_thickness': 20.0, 'sep_porosity': 0.3, 'pos_cc': 8.0, 'neg_cc': 8.0, 'h_heat': 10.0, 'neg_rp': 2.0} using model BoTorch.
[INFO 09-09 14:02:36] ax.service.ax_client: Completed trial 22 with data: {'objective': 523.3236}.
trial 23/50: objective=523.3236 ED=626.5808 T_max=333.8014 plated=True
[INFO 09-09 14:02:37] ax.service.ax_client: Generated new trial 23 with parameters {'pos_thickness': 92.173756, 'neg_thickness': 112.940069, 'pos_porosity': 0.45, 'neg_porosity': 0.45, 'sep_thickness': 20.0, 'sep_porosity': 0.3, 'pos_cc': 8.0, 'neg_cc': 8.0, 'h_heat': 100.0, 'neg_rp': 2.0} using model BoTorch.
[INFO 09-09 14:02:42] ax.service.ax_client: Completed trial 23 with data: {'objective': 525.9013}.
trial 24/50: objective=525.9013 ED=625.9013 T_max=325.0593 plated=True
[INFO 09-09 14:02:44] ax.service.ax_client: Generated new trial 24 with parameters {'pos_thickness': 90.539544, 'neg_thickness': 115.425007, 'pos_porosity': 0.45, 'neg_porosity': 0.45, 'sep_thickness': 8.0, 'sep_porosity': 0.3, 'pos_cc': 8.0, 'neg_cc': 8.0, 'h_heat': 10.0, 'neg_rp': 2.0} using model BoTorch.
[INFO 09-09 14:02:49] ax.service.ax_client: Completed trial 24 with data: {'objective': 542.4045}.
trial 25/50: objective=542.4045 ED=647.5651 T_max=334.1821 plated=True
[INFO 09-09 14:02:51] ax.service.ax_client: Generated new trial 25 with parameters {'pos_thickness': 95.337749, 'neg_thickness': 118.781483, 'pos_porosity': 0.45, 'neg_porosity': 0.45, 'sep_thickness': 8.0, 'sep_porosity': 0.3, 'pos_cc': 8.0, 'neg_cc': 8.0, 'h_heat': 100.0, 'neg_rp': 2.0} using model BoTorch.
[INFO 09-09 14:02:56] ax.service.ax_client: Completed trial 25 with data: {'objective': 547.5841}.
trial 26/50: objective=547.5841 ED=647.5841 T_max=325.4251 plated=True
[INFO 09-09 14:03:00] ax.service.ax_client: Generated new trial 26 with parameters {'pos_thickness': 100.0, 'neg_thickness': 121.086132, 'pos_porosity': 0.45, 'neg_porosity': 0.45, 'sep_thickness': 8.0, 'sep_porosity': 0.3, 'pos_cc': 8.0, 'neg_cc': 8.0, 'h_heat': 10.0, 'neg_rp': 2.0} using model BoTorch.
[INFO 09-09 14:03:04] ax.service.ax_client: Completed trial 26 with data: {'objective': 543.2806}.
trial 27/50: objective=543.2806 ED=646.2518 T_max=333.7442 plated=True
[INFO 09-09 14:03:06] ax.service.ax_client: Generated new trial 27 with parameters {'pos_thickness': 100.0, 'neg_thickness': 117.841692, 'pos_porosity': 0.45, 'neg_porosity': 0.45, 'sep_thickness': 8.0, 'sep_porosity': 0.3, 'pos_cc': 8.0, 'neg_cc': 8.0, 'h_heat': 100.0, 'neg_rp': 2.0} using model BoTorch.
[INFO 09-09 14:03:11] ax.service.ax_client: Completed trial 27 with data: {'objective': 533.1371}.
trial 28/50: objective=533.1371 ED=633.1371 T_max=325.2901 plated=True
[INFO 09-09 14:03:13] ax.service.ax_client: Generated new trial 28 with parameters {'pos_thickness': 93.707727, 'neg_thickness': 121.081849, 'pos_porosity': 0.45, 'neg_porosity': 0.45, 'sep_thickness': 8.0, 'sep_porosity': 0.3, 'pos_cc': 8.0, 'neg_cc': 8.0, 'h_heat': 10.0, 'neg_rp': 2.0} using model BoTorch.
[INFO 09-09 14:03:19] ax.service.ax_client: Completed trial 28 with data: {'objective': 553.0446}.
trial 29/50: objective=553.0446 ED=659.0989 T_max=334.3609 plated=True
[INFO 09-09 14:03:22] ax.service.ax_client: Generated new trial 29 with parameters {'pos_thickness': 92.114926, 'neg_thickness': 122.12748, 'pos_porosity': 0.45, 'neg_porosity': 0.45, 'sep_thickness': 8.0, 'sep_porosity': 0.3, 'pos_cc': 8.0, 'neg_cc': 8.0, 'h_heat': 100.0, 'neg_rp': 2.0} using model BoTorch.
[INFO 09-09 14:03:27] ax.service.ax_client: Completed trial 29 with data: {'objective': 560.6428}.
trial 30/50: objective=560.6428 ED=660.6428 T_max=325.6222 plated=True
[INFO 09-09 14:03:30] ax.service.ax_client: Generated new trial 30 with parameters {'pos_thickness': 93.290491, 'neg_thickness': 127.198381, 'pos_porosity': 0.45, 'neg_porosity': 0.45, 'sep_thickness': 8.0, 'sep_porosity': 0.3, 'pos_cc': 8.0, 'neg_cc': 8.0, 'h_heat': 100.0, 'neg_rp': 2.0} using model BoTorch.
[INFO 09-09 14:03:34] ax.service.ax_client: Completed trial 30 with data: {'objective': 560.6266}.
trial 31/50: objective=560.6266 ED=660.6266 T_max=325.4796 plated=True
[INFO 09-09 14:03:37] ax.service.ax_client: Generated new trial 31 with parameters {'pos_thickness': 91.887494, 'neg_thickness': 129.056495, 'pos_porosity': 0.45, 'neg_porosity': 0.45, 'sep_thickness': 8.0, 'sep_porosity': 0.3, 'pos_cc': 8.0, 'neg_cc': 8.0, 'h_heat': 10.0, 'neg_rp': 2.0} using model BoTorch.
[INFO 09-09 14:03:42] ax.service.ax_client: Completed trial 31 with data: {'objective': 548.7077}.
trial 32/50: objective=548.7077 ED=653.8642 T_max=334.1576 plated=True
[INFO 09-09 14:03:46] ax.service.ax_client: Generated new trial 32 with parameters {'pos_thickness': 89.418625, 'neg_thickness': 123.620791, 'pos_porosity': 0.45, 'neg_porosity': 0.45, 'sep_thickness': 8.0, 'sep_porosity': 0.3, 'pos_cc': 8.0, 'neg_cc': 8.0, 'h_heat': 100.0, 'neg_rp': 2.0} using model BoTorch.
[INFO 09-09 14:03:50] ax.service.ax_client: Completed trial 32 with data: {'objective': 547.8494}.
trial 33/50: objective=547.8494 ED=647.8494 T_max=325.3982 plated=True
[INFO 09-09 14:03:55] ax.service.ax_client: Generated new trial 33 with parameters {'pos_thickness': 98.07248, 'neg_thickness': 130.61881, 'pos_porosity': 0.45, 'neg_porosity': 0.45, 'sep_thickness': 8.0, 'sep_porosity': 0.3, 'pos_cc': 8.0, 'neg_cc': 8.0, 'h_heat': 100.0, 'neg_rp': 2.0} using model BoTorch.
[INFO 09-09 14:04:00] ax.service.ax_client: Completed trial 33 with data: {'objective': 570.9791}.
trial 34/50: objective=570.9791 ED=671.9069 T_max=325.5822 plated=True
[INFO 09-09 14:04:03] ax.service.ax_client: Generated new trial 34 with parameters {'pos_thickness': 100.0, 'neg_thickness': 138.294501, 'pos_porosity': 0.45, 'neg_porosity': 0.45, 'sep_thickness': 8.0, 'sep_porosity': 0.3, 'pos_cc': 8.0, 'neg_cc': 8.0, 'h_heat': 100.0, 'neg_rp': 2.0} using model BoTorch.
[INFO 09-09 14:04:08] ax.service.ax_client: Completed trial 34 with data: {'objective': 565.7973}.
trial 35/50: objective=565.7973 ED=673.0345 T_max=325.4215 plated=True
[INFO 09-09 14:04:11] ax.service.ax_client: Generated new trial 35 with parameters {'pos_thickness': 100.0, 'neg_thickness': 134.520813, 'pos_porosity': 0.45, 'neg_porosity': 0.45, 'sep_thickness': 8.0, 'sep_porosity': 0.3, 'pos_cc': 8.0, 'neg_cc': 8.0, 'h_heat': 100.0, 'neg_rp': 2.0} using model BoTorch.
[INFO 09-09 14:04:18] ax.service.ax_client: Completed trial 35 with data: {'objective': 572.8234}.
trial 36/50: objective=572.8234 ED=676.8441 T_max=325.7865 plated=True
[INFO 09-09 14:04:23] ax.service.ax_client: Generated new trial 36 with parameters {'pos_thickness': 100.0, 'neg_thickness': 138.812183, 'pos_porosity': 0.45, 'neg_porosity': 0.45, 'sep_thickness': 20.0, 'sep_porosity': 0.3, 'pos_cc': 8.0, 'neg_cc': 8.0, 'h_heat': 100.0, 'neg_rp': 2.0} using model BoTorch.
[INFO 09-09 14:04:28] ax.service.ax_client: Completed trial 36 with data: {'objective': 560.226}.
trial 37/50: objective=560.226 ED=665.8021 T_max=325.4996 plated=True
[INFO 09-09 14:04:31] ax.service.ax_client: Generated new trial 37 with parameters {'pos_thickness': 100.0, 'neg_thickness': 137.778181, 'pos_porosity': 0.45, 'neg_porosity': 0.2, 'sep_thickness': 8.0, 'sep_porosity': 0.3, 'pos_cc': 8.0, 'neg_cc': 8.0, 'h_heat': 100.0, 'neg_rp': 2.0} using model BoTorch.
[INFO 09-09 14:04:37] ax.service.ax_client: Completed trial 37 with data: {'objective': 480.4405}.
trial 38/50: objective=480.4405 ED=580.4405 T_max=324.4129 plated=True
[INFO 09-09 14:04:39] ax.service.ax_client: Generated new trial 38 with parameters {'pos_thickness': 100.0, 'neg_thickness': 135.504664, 'pos_porosity': 0.45, 'neg_porosity': 0.45, 'sep_thickness': 8.0, 'sep_porosity': 0.3, 'pos_cc': 19.987148, 'neg_cc': 8.0, 'h_heat': 100.0, 'neg_rp': 2.0} using model BoTorch.
[INFO 09-09 14:04:44] ax.service.ax_client: Completed trial 38 with data: {'objective': 520.678}.
trial 39/50: objective=520.678 ED=625.5832 T_max=325.5298 plated=True
[INFO 09-09 14:04:46] ax.service.ax_client: Generated new trial 39 with parameters {'pos_thickness': 100.0, 'neg_thickness': 136.750113, 'pos_porosity': 0.45, 'neg_porosity': 0.45, 'sep_thickness': 8.0, 'sep_porosity': 0.3, 'pos_cc': 8.0, 'neg_cc': 8.0, 'h_heat': 10.0, 'neg_rp': 2.0} using model BoTorch.
[INFO 09-09 14:04:52] ax.service.ax_client: Completed trial 39 with data: {'objective': 562.3164}.
trial 40/50: objective=562.3164 ED=676.4853 T_max=334.8022 plated=True
[INFO 09-09 14:04:55] ax.service.ax_client: Generated new trial 40 with parameters {'pos_thickness': 100.0, 'neg_thickness': 144.902631, 'pos_porosity': 0.45, 'neg_porosity': 0.45, 'sep_thickness': 8.0, 'sep_porosity': 0.3, 'pos_cc': 8.0, 'neg_cc': 8.0, 'h_heat': 100.0, 'neg_rp': 2.0} using model BoTorch.
[INFO 09-09 14:05:01] ax.service.ax_client: Completed trial 40 with data: {'objective': 553.5346}.
trial 41/50: objective=553.5346 ED=666.0512 T_max=325.0944 plated=True
[INFO 09-09 14:05:04] ax.service.ax_client: Generated new trial 41 with parameters {'pos_thickness': 100.0, 'neg_thickness': 133.338625, 'pos_porosity': 0.45, 'neg_porosity': 0.45, 'sep_thickness': 8.0, 'sep_porosity': 0.3, 'pos_cc': 8.0, 'neg_cc': 8.0, 'h_heat': 100.0, 'neg_rp': 2.0} using model BoTorch.
[INFO 09-09 14:05:09] ax.service.ax_client: Completed trial 41 with data: {'objective': 574.2433}.
trial 42/50: objective=574.2433 ED=677.3733 T_max=325.5753 plated=True
[INFO 09-09 14:05:12] ax.service.ax_client: Generated new trial 42 with parameters {'pos_thickness': 100.0, 'neg_thickness': 137.195856, 'pos_porosity': 0.45, 'neg_porosity': 0.45, 'sep_thickness': 8.0, 'sep_porosity': 0.3, 'pos_cc': 8.0, 'neg_cc': 14.285611, 'h_heat': 100.0, 'neg_rp': 2.0} using model BoTorch.
[INFO 09-09 14:05:19] ax.service.ax_client: Completed trial 42 with data: {'objective': 484.7849}.
trial 43/50: objective=484.7849 ED=591.0639 T_max=325.3448 plated=True
[INFO 09-09 14:05:23] ax.service.ax_client: Generated new trial 43 with parameters {'pos_thickness': 98.817597, 'neg_thickness': 133.423985, 'pos_porosity': 0.45, 'neg_porosity': 0.45, 'sep_thickness': 8.0, 'sep_porosity': 0.3, 'pos_cc': 8.0, 'neg_cc': 8.0, 'h_heat': 100.0, 'neg_rp': 2.0} using model BoTorch.
[INFO 09-09 14:05:29] ax.service.ax_client: Completed trial 43 with data: {'objective': 571.102}.
trial 44/50: objective=571.102 ED=674.3853 T_max=325.5415 plated=True
[INFO 09-09 14:05:33] ax.service.ax_client: Generated new trial 44 with parameters {'pos_thickness': 100.0, 'neg_thickness': 132.687414, 'pos_porosity': 0.45, 'neg_porosity': 0.45, 'sep_thickness': 8.0, 'sep_porosity': 0.3, 'pos_cc': 8.0, 'neg_cc': 8.0, 'h_heat': 100.0, 'neg_rp': 2.0} using model BoTorch.
[INFO 09-09 14:05:39] ax.service.ax_client: Completed trial 44 with data: {'objective': 574.7519}.
trial 45/50: objective=574.7519 ED=677.3408 T_max=325.7717 plated=True
[INFO 09-09 14:05:42] ax.service.ax_client: Generated new trial 45 with parameters {'pos_thickness': 100.0, 'neg_thickness': 135.245316, 'pos_porosity': 0.45, 'neg_porosity': 0.45, 'sep_thickness': 8.0, 'sep_porosity': 0.3, 'pos_cc': 8.0, 'neg_cc': 8.0, 'h_heat': 100.0, 'neg_rp': 2.0} using model BoTorch.
[INFO 09-09 14:05:46] ax.service.ax_client: Completed trial 45 with data: {'objective': 571.713}.
trial 46/50: objective=571.713 ED=676.3757 T_max=325.6661 plated=True
[INFO 09-09 14:05:50] ax.service.ax_client: Generated new trial 46 with parameters {'pos_thickness': 100.0, 'neg_thickness': 133.422802, 'pos_porosity': 0.45, 'neg_porosity': 0.45, 'sep_thickness': 8.0, 'sep_porosity': 0.3, 'pos_cc': 8.0, 'neg_cc': 8.0, 'h_heat': 69.667876, 'neg_rp': 2.0} using model BoTorch.
[INFO 09-09 14:05:55] ax.service.ax_client: Completed trial 46 with data: {'objective': 574.9582}.
trial 47/50: objective=574.9582 ED=678.1488 T_max=326.764 plated=True
D:\research\degradation_prognostics\Battery_Design_Agent\.venv\Lib\site-packages\linear_operator\utils\cholesky.py:41: NumericalWarning: A not p.d., added jitter of 1.0e-08 to the diagonal
  warnings.warn(
[INFO 09-09 14:05:58] ax.service.ax_client: Generated new trial 47 with parameters {'pos_thickness': 100.0, 'neg_thickness': 134.621428, 'pos_porosity': 0.45, 'neg_porosity': 0.45, 'sep_thickness': 8.0, 'sep_porosity': 0.3, 'pos_cc': 8.0, 'neg_cc': 8.0, 'h_heat': 21.887266, 'neg_rp': 2.0} using model BoTorch.
[INFO 09-09 14:06:03] ax.service.ax_client: Completed trial 47 with data: {'objective': 573.2396}.
trial 48/50: objective=573.2396 ED=677.4208 T_max=330.9357 plated=True
D:\research\degradation_prognostics\Battery_Design_Agent\.venv\Lib\site-packages\linear_operator\utils\cholesky.py:41: NumericalWarning: A not p.d., added jitter of 1.0e-08 to the diagonal
  warnings.warn(
[INFO 09-09 14:06:05] ax.service.ax_client: Generated new trial 48 with parameters {'pos_thickness': 100.0, 'neg_thickness': 133.909171, 'pos_porosity': 0.45, 'neg_porosity': 0.45, 'sep_thickness': 8.0, 'sep_porosity': 0.3, 'pos_cc': 8.0, 'neg_cc': 8.0, 'h_heat': 100.0, 'neg_rp': 2.0} using model BoTorch.
[INFO 09-09 14:06:10] ax.service.ax_client: Completed trial 48 with data: {'objective': 573.5145}.
trial 49/50: objective=573.5145 ED=677.1275 T_max=325.5902 plated=True
D:\research\degradation_prognostics\Battery_Design_Agent\.venv\Lib\site-packages\linear_operator\utils\cholesky.py:41: NumericalWarning: A not p.d., added jitter of 1.0e-08 to the diagonal
  warnings.warn(
D:\research\degradation_prognostics\Battery_Design_Agent\.venv\Lib\site-packages\botorch\optim\optimize.py:844: RuntimeWarning: Optimization failed in `gen_candidates_scipy` with the following warning(s):
[NumericalWarning('A not p.d., added jitter of 1.0e-08 to the diagonal'), NumericalWarning('A not p.d., added jitter of 1.0e-07 to the diagonal'), NumericalWarning('A not p.d., added jitter of 1.0e-06 to the diagonal'), NumericalWarning('A not p.d., added jitter of 1.0e-05 to the diagonal'), NumericalWarning('A not p.d., added jitter of 1.0e-04 to the diagonal'), NumericalWarning('A not p.d., added jitter of 1.0e-03 to the diagonal'), OptimizationWarning('Optimization failed within `scipy.optimize.minimize` with status 2 and message ABNORMAL: .'), OptimizationWarning('Optimization failed within `scipy.optimize.minimize` with status 2 and message ABNORMAL: .'), OptimizationWarning('Optimization failed within `scipy.optimize.minimize` with status 2 and message ABNORMAL: .'), NumericalWarning('A not p.d., added jitter of 1.0e-08 to the diagonal')]
Trying again with a new set of initial conditions.
  return _optimize_acqf_batch(opt_inputs=opt_inputs)
D:\research\degradation_prognostics\Battery_Design_Agent\.venv\Lib\site-packages\botorch\optim\optimize.py:844: RuntimeWarning: Optimization failed on the second try, after generating a new set of initial conditions.
  return _optimize_acqf_batch(opt_inputs=opt_inputs)
[INFO 09-09 14:06:17] ax.service.ax_client: Generated new trial 49 with parameters {'pos_thickness': 100.0, 'neg_thickness': 133.182462, 'pos_porosity': 0.45, 'neg_porosity': 0.45, 'sep_thickness': 20.0, 'sep_porosity': 0.3, 'pos_cc': 8.0, 'neg_cc': 8.0, 'h_heat': 100.0, 'neg_rp': 2.0} using model BoTorch.
[INFO 09-09 14:06:21] ax.service.ax_client: Completed trial 49 with data: {'objective': 569.71}.
trial 50/50: objective=569.71 ED=670.4537 T_max=325.6121 plated=True
BO 完成：50 次评估，最优 objective=574.9582 (ED 678.1488 Wh/kg, T_max 326.764 K, plated=True)
轨迹已存：runs\exp\c2_t9_r1\bo_trajectory.json
